Component: ARM Compiler 5.06 update 1 (build 61) Tool: armlink [4d35a8]

==============================================================================

Section Cross References

    startup_stm32f427_437xx.o(RESET) refers to startup_stm32f427_437xx.o(STACK) for __initial_sp
    startup_stm32f427_437xx.o(RESET) refers to startup_stm32f427_437xx.o(.text) for Reset_Handler
    startup_stm32f427_437xx.o(RESET) refers to stm32f4xx_it.o(i.NMI_Handler) for NMI_Handler
    startup_stm32f427_437xx.o(RESET) refers to stm32f4xx_it.o(i.HardFault_Handler) for HardFault_Handler
    startup_stm32f427_437xx.o(RESET) refers to stm32f4xx_it.o(i.MemManage_Handler) for MemManage_Handler
    startup_stm32f427_437xx.o(RESET) refers to stm32f4xx_it.o(i.BusFault_Handler) for BusFault_Handler
    startup_stm32f427_437xx.o(RESET) refers to stm32f4xx_it.o(i.UsageFault_Handler) for UsageFault_Handler
    startup_stm32f427_437xx.o(RESET) refers to stm32f4xx_it.o(i.DebugMon_Handler) for DebugMon_Handler
    startup_stm32f427_437xx.o(RESET) refers to stm32f4xx_it.o(i.CAN1_RX0_IRQHandler) for CAN1_RX0_IRQHandler
    startup_stm32f427_437xx.o(RESET) refers to main.o(i.TIM3_IRQHandler) for TIM3_IRQHandler
    startup_stm32f427_437xx.o(RESET) refers to dji_remote.o(i.USART1_IRQHandler) for USART1_IRQHandler
    startup_stm32f427_437xx.o(RESET) refers to fs_remote.o(i.TIM5_IRQHandler) for TIM5_IRQHandler
    startup_stm32f427_437xx.o(RESET) refers to stm32f4xx_it.o(i.UART7_IRQHandler) for UART7_IRQHandler
    startup_stm32f427_437xx.o(.text) refers to system_stm32f4xx.o(i.SystemInit) for SystemInit
    startup_stm32f427_437xx.o(.text) refers to entry.o(.ARM.Collect$$$$00000000) for __main
    system_stm32f4xx.o(i.SystemCoreClockUpdate) refers to system_stm32f4xx.o(.data) for SystemCoreClock
    system_stm32f4xx.o(i.SystemInit) refers to system_stm32f4xx.o(i.SetSysClock) for SetSysClock
    stm32f4xx_adc.o(i.ADC_DeInit) refers to stm32f4xx_rcc.o(i.RCC_APB2PeriphResetCmd) for RCC_APB2PeriphResetCmd
    stm32f4xx_can.o(i.CAN_DeInit) refers to stm32f4xx_rcc.o(i.RCC_APB1PeriphResetCmd) for RCC_APB1PeriphResetCmd
    stm32f4xx_can.o(i.CAN_GetITStatus) refers to stm32f4xx_can.o(i.CheckITStatus) for CheckITStatus
    stm32f4xx_cryp_aes.o(i.CRYP_AES_CBC) refers to stm32f4xx_cryp.o(i.CRYP_KeyStructInit) for CRYP_KeyStructInit
    stm32f4xx_cryp_aes.o(i.CRYP_AES_CBC) refers to stm32f4xx_cryp.o(i.CRYP_FIFOFlush) for CRYP_FIFOFlush
    stm32f4xx_cryp_aes.o(i.CRYP_AES_CBC) refers to stm32f4xx_cryp.o(i.CRYP_Init) for CRYP_Init
    stm32f4xx_cryp_aes.o(i.CRYP_AES_CBC) refers to stm32f4xx_cryp.o(i.CRYP_KeyInit) for CRYP_KeyInit
    stm32f4xx_cryp_aes.o(i.CRYP_AES_CBC) refers to stm32f4xx_cryp.o(i.CRYP_Cmd) for CRYP_Cmd
    stm32f4xx_cryp_aes.o(i.CRYP_AES_CBC) refers to stm32f4xx_cryp.o(i.CRYP_GetFlagStatus) for CRYP_GetFlagStatus
    stm32f4xx_cryp_aes.o(i.CRYP_AES_CBC) refers to stm32f4xx_cryp.o(i.CRYP_IVInit) for CRYP_IVInit
    stm32f4xx_cryp_aes.o(i.CRYP_AES_CBC) refers to stm32f4xx_cryp.o(i.CRYP_GetCmdStatus) for CRYP_GetCmdStatus
    stm32f4xx_cryp_aes.o(i.CRYP_AES_CBC) refers to stm32f4xx_cryp.o(i.CRYP_DataIn) for CRYP_DataIn
    stm32f4xx_cryp_aes.o(i.CRYP_AES_CBC) refers to stm32f4xx_cryp.o(i.CRYP_DataOut) for CRYP_DataOut
    stm32f4xx_cryp_aes.o(i.CRYP_AES_CCM) refers to stm32f4xx_cryp.o(i.CRYP_KeyStructInit) for CRYP_KeyStructInit
    stm32f4xx_cryp_aes.o(i.CRYP_AES_CCM) refers to stm32f4xx_cryp.o(i.CRYP_FIFOFlush) for CRYP_FIFOFlush
    stm32f4xx_cryp_aes.o(i.CRYP_AES_CCM) refers to stm32f4xx_cryp.o(i.CRYP_KeyInit) for CRYP_KeyInit
    stm32f4xx_cryp_aes.o(i.CRYP_AES_CCM) refers to stm32f4xx_cryp.o(i.CRYP_IVInit) for CRYP_IVInit
    stm32f4xx_cryp_aes.o(i.CRYP_AES_CCM) refers to stm32f4xx_cryp.o(i.CRYP_Init) for CRYP_Init
    stm32f4xx_cryp_aes.o(i.CRYP_AES_CCM) refers to stm32f4xx_cryp.o(i.CRYP_PhaseConfig) for CRYP_PhaseConfig
    stm32f4xx_cryp_aes.o(i.CRYP_AES_CCM) refers to stm32f4xx_cryp.o(i.CRYP_DataIn) for CRYP_DataIn
    stm32f4xx_cryp_aes.o(i.CRYP_AES_CCM) refers to stm32f4xx_cryp.o(i.CRYP_Cmd) for CRYP_Cmd
    stm32f4xx_cryp_aes.o(i.CRYP_AES_CCM) refers to stm32f4xx_cryp.o(i.CRYP_GetCmdStatus) for CRYP_GetCmdStatus
    stm32f4xx_cryp_aes.o(i.CRYP_AES_CCM) refers to stm32f4xx_cryp.o(i.CRYP_GetFlagStatus) for CRYP_GetFlagStatus
    stm32f4xx_cryp_aes.o(i.CRYP_AES_CCM) refers to stm32f4xx_cryp.o(i.CRYP_DataOut) for CRYP_DataOut
    stm32f4xx_cryp_aes.o(i.CRYP_AES_CTR) refers to stm32f4xx_cryp.o(i.CRYP_KeyStructInit) for CRYP_KeyStructInit
    stm32f4xx_cryp_aes.o(i.CRYP_AES_CTR) refers to stm32f4xx_cryp.o(i.CRYP_KeyInit) for CRYP_KeyInit
    stm32f4xx_cryp_aes.o(i.CRYP_AES_CTR) refers to stm32f4xx_cryp.o(i.CRYP_Init) for CRYP_Init
    stm32f4xx_cryp_aes.o(i.CRYP_AES_CTR) refers to stm32f4xx_cryp.o(i.CRYP_IVInit) for CRYP_IVInit
    stm32f4xx_cryp_aes.o(i.CRYP_AES_CTR) refers to stm32f4xx_cryp.o(i.CRYP_FIFOFlush) for CRYP_FIFOFlush
    stm32f4xx_cryp_aes.o(i.CRYP_AES_CTR) refers to stm32f4xx_cryp.o(i.CRYP_Cmd) for CRYP_Cmd
[...]
    DMA1_Stream4_IRQHandler                  0x080001db   Thumb Code     0  startup_stm32f427_437xx.o(.text)
    DMA1_Stream5_IRQHandler                  0x080001db   Thumb Code     0  startup_stm32f427_437xx.o(.text)
    DMA1_Stream6_IRQHandler                  0x080001db   Thumb Code     0  startup_stm32f427_437xx.o(.text)
    DMA1_Stream7_IRQHandler                  0x080001db   Thumb Code     0  startup_stm32f427_437xx.o(.text)
    DMA2D_IRQHandler                         0x080001db   Thumb Code     0  startup_stm32f427_437xx.o(.text)
    DMA2_Stream0_IRQHandler                  0x080001db   Thumb Code     0  startup_stm32f427_437xx.o(.text)
    DMA2_Stream1_IRQHandler                  0x080001db   Thumb Code     0  startup_stm32f427_437xx.o(.text)
    DMA2_Stream2_IRQHandler                  0x080001db   Thumb Code     0  startup_stm32f427_437xx.o(.text)
    DMA2_Stream3_IRQHandler                  0x080001db   Thumb Code     0  startup_stm32f427_437xx.o(.text)
    DMA2_Stream4_IRQHandler                  0x080001db   Thumb Code     0  startup_stm32f427_437xx.o(.text)
    DMA2_Stream5_IRQHandler                  0x080001db   Thumb Code     0  startup_stm32f427_437xx.o(.text)
    DMA2_Stream6_IRQHandler                  0x080001db   Thumb Code     0  startup_stm32f427_437xx.o(.text)
    DMA2_Stream7_IRQHandler                  0x080001db   Thumb Code     0  startup_stm32f427_437xx.o(.text)
    ETH_IRQHandler                           0x080001db   Thumb Code     0  startup_stm32f427_437xx.o(.text)
    ETH_WKUP_IRQHandler                      0x080001db   Thumb Code     0  startup_stm32f427_437xx.o(.text)
    EXTI0_IRQHandler                         0x080001db   Thumb Code     0  startup_stm32f427_437xx.o(.text)
    EXTI15_10_IRQHandler                     0x080001db   Thumb Code     0  startup_stm32f427_437xx.o(.text)
    EXTI1_IRQHandler                         0x080001db   Thumb Code     0  startup_stm32f427_437xx.o(.text)
    EXTI2_IRQHandler                         0x080001db   Thumb Code     0  startup_stm32f427_437xx.o(.text)
    EXTI3_IRQHandler                         0x080001db   Thumb Code     0  startup_stm32f427_437xx.o(.text)
    EXTI4_IRQHandler                         0x080001db   Thumb Code     0  startup_stm32f427_437xx.o(.text)
    EXTI9_5_IRQHandler                       0x080001db   Thumb Code     0  startup_stm32f427_437xx.o(.text)
    FLASH_IRQHandler                         0x080001db   Thumb Code     0  startup_stm32f427_437xx.o(.text)
    FMC_IRQHandler                           0x080001db   Thumb Code     0  startup_stm32f427_437xx.o(.text)
    FPU_IRQHandler                           0x080001db   Thumb Code     0  startup_stm32f427_437xx.o(.text)
    HASH_RNG_IRQHandler                      0x080001db   Thumb Code     0  startup_stm32f427_437xx.o(.text)
    I2C1_ER_IRQHandler                       0x080001db   Thumb Code     0  startup_stm32f427_437xx.o(.text)
    I2C1_EV_IRQHandler                       0x080001db   Thumb Code     0  startup_stm32f427_437xx.o(.text)
    I2C2_ER_IRQHandler                       0x080001db   Thumb Code     0  startup_stm32f427_437xx.o(.text)
    I2C2_EV_IRQHandler                       0x080001db   Thumb Code     0  startup_stm32f427_437xx.o(.text)
    I2C3_ER_IRQHandler                       0x080001db   Thumb Code     0  startup_stm32f427_437xx.o(.text)
    I2C3_EV_IRQHandler                       0x080001db   Thumb Code     0  startup_stm32f427_437xx.o(.text)
    OTG_FS_IRQHandler                        0x080001db   Thumb Code     0  startup_stm32f427_437xx.o(.text)
    OTG_FS_WKUP_IRQHandler                   0x080001db   Thumb Code     0  startup_stm32f427_437xx.o(.text)
    OTG_HS_EP1_IN_IRQHandler                 0x080001db   Thumb Code     0  startup_stm32f427_437xx.o(.text)
    OTG_HS_EP1_OUT_IRQHandler                0x080001db   Thumb Code     0  startup_stm32f427_437xx.o(.text)
    OTG_HS_IRQHandler                        0x080001db   Thumb Code     0  startup_stm32f427_437xx.o(.text)
    OTG_HS_WKUP_IRQHandler                   0x080001db   Thumb Code     0  startup_stm32f427_437xx.o(.text)
    PVD_IRQHandler                           0x080001db   Thumb Code     0  startup_stm32f427_437xx.o(.text)
    RCC_IRQHandler                           0x080001db   Thumb Code     0  startup_stm32f427_437xx.o(.text)
    RTC_Alarm_IRQHandler                     0x080001db   Thumb Code     0  startup_stm32f427_437xx.o(.text)
    RTC_WKUP_IRQHandler                      0x080001db   Thumb Code     0  startup_stm32f427_437xx.o(.text)
    SAI1_IRQHandler                          0x080001db   Thumb Code     0  startup_stm32f427_437xx.o(.text)
    SDIO_IRQHandler                          0x080001db   Thumb Code     0  startup_stm32f427_437xx.o(.text)
    SPI1_IRQHandler                          0x080001db   Thumb Code     0  startup_stm32f427_437xx.o(.text)
    SPI2_IRQHandler                          0x080001db   Thumb Code     0  startup_stm32f427_437xx.o(.text)
    SPI3_IRQHandler                          0x080001db   Thumb Code     0  startup_stm32f427_437xx.o(.text)
    SPI4_IRQHandler                          0x080001db   Thumb Code     0  startup_stm32f427_437xx.o(.text)
    SPI5_IRQHandler                          0x080001db   Thumb Code     0  startup_stm32f427_437xx.o(.text)
    SPI6_IRQHandler                          0x080001db   Thumb Code     0  startup_stm32f427_437xx.o(.text)
    TAMP_STAMP_IRQHandler                    0x080001db   Thumb Code     0  startup_stm32f427_437xx.o(.text)
    TIM1_BRK_TIM9_IRQHandler                 0x080001db   Thumb Code     0  startup_stm32f427_437xx.o(.text)
    TIM1_CC_IRQHandler                       0x080001db   Thumb Code     0  startup_stm32f427_437xx.o(.text)
    TIM1_TRG_COM_TIM11_IRQHandler            0x080001db   Thumb Code     0  startup_stm32f427_437xx.o(.text)
    TIM1_UP_TIM10_IRQHandler                 0x080001db   Thumb Code     0  startup_stm32f427_437xx.o(.text)
    TIM2_IRQHandler                          0x080001db   Thumb Code     0  startup_stm32f427_437xx.o(.text)
    TIM4_IRQHandler                          0x080001db   Thumb Code     0  startup_stm32f427_437xx.o(.text)
    TIM6_DAC_IRQHandler                      0x080001db   Thumb Code     0  startup_stm32f427_437xx.o(.text)
    TIM7_IRQHandler                          0x080001db   Thumb Code     0  startup_stm32f427_437xx.o(.text)
    TIM8_BRK_TIM12_IRQHandler                0x080001db   Thumb Code     0  startup_stm32f427_437xx.o(.text)
    TIM8_CC_IRQHandler                       0x080001db   Thumb Code     0  startup_stm32f427_437xx.o(.text)
    TIM8_TRG_COM_TIM14_IRQHandler            0x080001db   Thumb Code     0  startup_stm32f427_437xx.o(.text)
    TIM8_UP_TIM13_IRQHandler                 0x080001db   Thumb Code     0  startup_stm32f427_437xx.o(.text)
    UART4_IRQHandler                         0x080001db   Thumb Code     0  startup_stm32f427_437xx.o(.text)
    UART5_IRQHandler                         0x080001db   Thumb Code     0  startup_stm32f427_437xx.o(.text)
    UART8_IRQHandler                         0x080001db   Thumb Code     0  startup_stm32f427_437xx.o(.text)
    USART2_IRQHandler                        0x080001db   Thumb Code     0  startup_stm32f427_437xx.o(.text)
    USART3_IRQHandler                        0x080001db   Thumb Code     0  startup_stm32f427_437xx.o(.text)
    USART6_IRQHandler                        0x080001db   Thumb Code     0  startup_stm32f427_437xx.o(.text)
    WWDG_IRQHandler                          0x080001db   Thumb Code     0  startup_stm32f427_437xx.o(.text)
    __aeabi_uidiv                            0x080001e5   Thumb Code     0  uidiv.o(.text)
    __aeabi_uidivmod                         0x080001e5   Thumb Code    44  uidiv.o(.text)
    qsort                                    0x08000211   Thumb Code   156  qsort.o(.text)
    ___aeabi_memcpy8$move                    0x080002ad   Thumb Code     0  memmovea.o(.text)
    __aeabi_memcpy                           0x080002ad   Thumb Code    64  memmovea.o(.text)
    __aeabi_memcpy4                          0x080002ad   Thumb Code     0  memmovea.o(.text)
    __aeabi_memmove                          0x080002ad   Thumb Code     0  memmovea.o(.text)
    __aeabi_memmove4                         0x080002ad   Thumb Code     0  memmovea.o(.text)
    __aeabi_memmove8                         0x080002ad   Thumb Code     0  memmovea.o(.text)
    __aeabi_memset                           0x080002ed   Thumb Code    14  memseta.o(.text)
    __aeabi_memset4                          0x080002ed   Thumb Code     0  memseta.o(.text)
    __aeabi_memset8                          0x080002ed   Thumb Code     0  memseta.o(.text)
    __aeabi_memclr                           0x080002fb   Thumb Code     4  memseta.o(.text)
    __aeabi_memclr4                          0x080002fb   Thumb Code     0  memseta.o(.text)
    __aeabi_memclr8                          0x080002fb   Thumb Code     0  memseta.o(.text)
    _memset$wrapper                          0x080002ff   Thumb Code    18  memseta.o(.text)
    strchr                                   0x08000311   Thumb Code    20  strchr.o(.text)
    strlen                                   0x08000325   Thumb Code    14  strlen.o(.text)
    strcmp                                   0x08000333   Thumb Code    28  strcmp.o(.text)
    memchr                                   0x0800034f   Thumb Code    20  memchr.o(.text)
    strcpy                                   0x08000363   Thumb Code    18  strcpy.o(.text)
    strtoll                                  0x08000375   Thumb Code     4  strtoll.o(.text)
    __aeabi_dadd                             0x08000379   Thumb Code   322  dadd.o(.text)
    __aeabi_dsub                             0x080004bb   Thumb Code     6  dadd.o(.text)
    __aeabi_drsub                            0x080004c1   Thumb Code     6  dadd.o(.text)
    __aeabi_dmul                             0x080004c7   Thumb Code   228  dmul.o(.text)
    __aeabi_ddiv                             0x080005ab   Thumb Code   222  ddiv.o(.text)
    __aeabi_l2f                              0x08000689   Thumb Code    44  ffltl.o(.text)
    __aeabi_i2d                              0x080006b5   Thumb Code    34  dflti.o(.text)
    __aeabi_d2iz                             0x080006d7   Thumb Code    62  dfixi.o(.text)
    __aeabi_f2d                              0x08000715   Thumb Code    38  f2d.o(.text)
    __aeabi_cdcmpeq                          0x0800073d   Thumb Code     0  cdcmple.o(.text)
    __aeabi_cdcmple                          0x0800073d   Thumb Code    48  cdcmple.o(.text)
    __aeabi_cdrcmple                         0x0800076d   Thumb Code    48  cdrcmple.o(.text)
    __aeabi_d2f                              0x0800079d   Thumb Code    56  d2f.o(.text)
    __aeabi_uldivmod                         0x080007d5   Thumb Code    98  uldiv.o(.text)
    __aeabi_llsl                             0x08000837   Thumb Code    30  llshl.o(.text)
    _ll_shift_l                              0x08000837   Thumb Code     0  llshl.o(.text)
    __aeabi_llsr                             0x08000855   Thumb Code    32  llushr.o(.text)
    _ll_ushift_r                             0x08000855   Thumb Code     0  llushr.o(.text)
    __aeabi_lasr                             0x08000875   Thumb Code    36  llsshr.o(.text)
    _ll_sshift_r                             0x08000875   Thumb Code     0  llsshr.o(.text)
    __strtod_int                             0x080008cf   Thumb Code    88  strtod.o(.text)
    __strtoll                                0x08000935   Thumb Code   144  __strtoll.o(.text)
    __I$use$fp                               0x080009c5   Thumb Code     0  iusefp.o(.text)
    _float_round                             0x080009c5   Thumb Code    18  fepilogue.o(.text)
    _float_epilogue                          0x080009d7   Thumb Code    92  fepilogue.o(.text)
    _double_round                            0x08000a33   Thumb Code    30  depilogue.o(.text)
    _double_epilogue                         0x08000a51   Thumb Code   156  depilogue.o(.text)
    __aeabi_d2ulz                            0x08000aed   Thumb Code    48  dfixul.o(.text)
    __scatterload                            0x08000b1d   Thumb Code    28  init.o(.text)
    __scatterload_rt2                        0x08000b1d   Thumb Code     0  init.o(.text)
    __rt_ctype_table                         0x08000b41   Thumb Code     4  ctype_o.o(.text)
    isspace                                  0x08000b49   Thumb Code    18  isspace_o.o(.text)
    _scanf_real                              0x08000c5d   Thumb Code     0  scanf_fp.o(.text)
    _scanf_really_real                       0x08000c5d   Thumb Code   556  scanf_fp.o(.text)
    _sgetc                                   0x08000e95   Thumb Code    30  _sgetc.o(.text)
    _sbackspace                              0x08000eb3   Thumb Code    34  _sgetc.o(.text)
    _strtoull                                0x08000ed5   Thumb Code   194  _strtoull.o(.text)
    _chval                                   0x08000f97   Thumb Code    28  _chval.o(.text)
    __aeabi_ul2d                             0x08000fb3   Thumb Code    24  dfltul.o(.text)
    APID_Init                                0x08000fcb   Thumb Code    22  angle_pid.o(i.APID_Init)
    APID_Init_All                            0x08000fe1   Thumb Code    34  angle_pid.o(i.APID_Init_All)
    All_Init                                 0x08001019   Thumb Code   140  my_init.o(i.All_Init)
    BaseVel_To_WheelVel                      0x080010b1   Thumb Code   242  kinematic.o(i.BaseVel_To_WheelVel)
    BusFault_Handler                         0x080011c1   Thumb Code     4  stm32f4xx_it.o(i.BusFault_Handler)
    CAN1_Mode_Init                           0x080011c5   Thumb Code   246  can.o(i.CAN1_Mode_Init)
    CAN1_RX0_IRQHandler                      0x080012c5   Thumb Code   316  stm32f4xx_it.o(i.CAN1_RX0_IRQHandler)
    CAN1_Send_CHASSIS_Msg                    0x08001421   Thumb Code   106  can.o(i.CAN1_Send_CHASSIS_Msg)
    CAN1_Send_Trigger_Msg                    0x08001491   Thumb Code   106  can.o(i.CAN1_Send_Trigger_Msg)
    CAN_FilterInit                           0x08001501   Thumb Code   258  stm32f4xx_can.o(i.CAN_FilterInit)
    CAN_ITConfig                             0x08001609   Thumb Code    18  stm32f4xx_can.o(i.CAN_ITConfig)
    CAN_Init                                 0x0800161b   Thumb Code   276  stm32f4xx_can.o(i.CAN_Init)
    CAN_Receive                              0x0800172f   Thumb Code   240  stm32f4xx_can.o(i.CAN_Receive)
    CAN_Transmit                             0x0800181f   Thumb Code   294  stm32f4xx_can.o(i.CAN_Transmit)
    CAN_TransmitStatus                       0x08001945   Thumb Code   138  stm32f4xx_can.o(i.CAN_TransmitStatus)
    DMA_Cmd                                  0x080019e5   Thumb Code    22  stm32f4xx_dma.o(i.DMA_Cmd)
    DMA_DeInit                               0x080019fd   Thumb Code   324  stm32f4xx_dma.o(i.DMA_DeInit)
    DMA_DoubleBufferModeCmd                  0x08001b55   Thumb Code    22  stm32f4xx_dma.o(i.DMA_DoubleBufferModeCmd)
    DMA_DoubleBufferModeConfig               0x08001b6b   Thumb Code    24  stm32f4xx_dma.o(i.DMA_DoubleBufferModeConfig)
    DMA_GetCurrentMemoryTarget               0x08001b83   Thumb Code    20  stm32f4xx_dma.o(i.DMA_GetCurrentMemoryTarget)
    DMA_Init                                 0x08001b99   Thumb Code    82  stm32f4xx_dma.o(i.DMA_Init)
    DebugMon_Handler                         0x08001bf1   Thumb Code     2  stm32f4xx_it.o(i.DebugMon_Handler)
    Debug_Key                                0x08001bf5   Thumb Code    54  tim3_events.o(i.Debug_Key)
    Debug_USART_Config                       0x08001c35   Thumb Code   182  bsp_debug_usart.o(i.Debug_USART_Config)
    Dji_Remote_Init                          0x08001cf5   Thumb Code   292  dji_remote.o(i.Dji_Remote_Init)
    FS_Remote_Init                           0x08001e31   Thumb Code   184  fs_remote.o(i.FS_Remote_Init)
    GPIO_Init                                0x08001ef1   Thumb Code   144  stm32f4xx_gpio.o(i.GPIO_Init)
    GPIO_PinAFConfig                         0x08001f81   Thumb Code    70  stm32f4xx_gpio.o(i.GPIO_PinAFConfig)
    GPIO_ResetBits                           0x08001fc7   Thumb Code     4  stm32f4xx_gpio.o(i.GPIO_ResetBits)
    GPIO_SetBits                             0x08001fcb   Thumb Code     4  stm32f4xx_gpio.o(i.GPIO_SetBits)
    Get_Base_Velocities                      0x08001fd1   Thumb Code   294  kinematic.o(i.Get_Base_Velocities)
    HardFault_Handler                        0x08002115   Thumb Code     4  stm32f4xx_it.o(i.HardFault_Handler)
    JSON_USART_Config                        0x08002119   Thumb Code   182  bsp_uart7.o(i.JSON_USART_Config)
    MY_NVIC_SetVectorTable                   0x080021d9   Thumb Code    12  sys.o(i.MY_NVIC_SetVectorTable)
    MemManage_Handler                        0x080021e9   Thumb Code     4  stm32f4xx_it.o(i.MemManage_Handler)
    NMI_Handler                              0x080021ed   Thumb Code     2  stm32f4xx_it.o(i.NMI_Handler)
    NVIC_Init                                0x080021f1   Thumb Code   106  misc.o(i.NVIC_Init)
    NVIC_PriorityGroupConfig                 0x08002269   Thumb Code    10  misc.o(i.NVIC_PriorityGroupConfig)
    Pulse_Width_Init                         0x0800227d   Thumb Code    22  fs_remote.o(i.Pulse_Width_Init)
    RCC_AHB1PeriphClockCmd                   0x08002299   Thumb Code    26  stm32f4xx_rcc.o(i.RCC_AHB1PeriphClockCmd)
    RCC_APB1PeriphClockCmd                   0x080022b9   Thumb Code    26  stm32f4xx_rcc.o(i.RCC_APB1PeriphClockCmd)
    RCC_APB1PeriphResetCmd                   0x080022d9   Thumb Code    26  stm32f4xx_rcc.o(i.RCC_APB1PeriphResetCmd)
    RCC_APB2PeriphClockCmd                   0x080022f9   Thumb Code    26  stm32f4xx_rcc.o(i.RCC_APB2PeriphClockCmd)
    RCC_APB2PeriphResetCmd                   0x08002319   Thumb Code    26  stm32f4xx_rcc.o(i.RCC_APB2PeriphResetCmd)
    RCC_GetClocksFreq                        0x08002339   Thumb Code   214  stm32f4xx_rcc.o(i.RCC_GetClocksFreq)
    Record_Pulse_Width                       0x08002421   Thumb Code   106  fs_remote.o(i.Record_Pulse_Width)
    RemoteDataProcess                        0x08002499   Thumb Code   100  dji_remote.o(i.RemoteDataProcess)
    Robo_Move                                0x08002501   Thumb Code   216  tim3_events.o(i.Robo_Move)
    Stm32_Clock_Init                         0x08002725   Thumb Code    90  sys.o(i.Stm32_Clock_Init)
    Sys_Clock_Set                            0x0800278d   Thumb Code   254  sys.o(i.Sys_Clock_Set)
    SystemInit                               0x08002899   Thumb Code    88  system_stm32f4xx.o(i.SystemInit)
    TIM1_GIMBAL_Init                         0x08002a25   Thumb Code   256  gimbal.o(i.TIM1_GIMBAL_Init)
    TIM3_IRQHandler                          0x08002b2d   Thumb Code   276  main.o(i.TIM3_IRQHandler)
    TIM3_Int_Init                            0x08002c65   Thumb Code    86  timer.o(i.TIM3_Int_Init)
    TIM5_IRQHandler                          0x08002cc1   Thumb Code   234  fs_remote.o(i.TIM5_IRQHandler)
    TIM_ARRPreloadConfig                     0x08002dc1   Thumb Code    24  stm32f4xx_tim.o(i.TIM_ARRPreloadConfig)
    TIM_ClearITPendingBit                    0x08002dd9   Thumb Code     6  stm32f4xx_tim.o(i.TIM_ClearITPendingBit)
    TIM_Cmd                                  0x08002ddf   Thumb Code    24  stm32f4xx_tim.o(i.TIM_Cmd)
    TIM_CtrlPWMOutputs                       0x08002df7   Thumb Code    30  stm32f4xx_tim.o(i.TIM_CtrlPWMOutputs)
    TIM_GetCapture1                          0x08002e15   Thumb Code     6  stm32f4xx_tim.o(i.TIM_GetCapture1)
    TIM_GetITStatus                          0x08002e1b   Thumb Code    34  stm32f4xx_tim.o(i.TIM_GetITStatus)
    TIM_ICInit                               0x08002e3d   Thumb Code   110  stm32f4xx_tim.o(i.TIM_ICInit)
    TIM_ITConfig                             0x08002eab   Thumb Code    18  stm32f4xx_tim.o(i.TIM_ITConfig)
    TIM_OC1Init                              0x08002ebd   Thumb Code   114  stm32f4xx_tim.o(i.TIM_OC1Init)
    TIM_OC1PolarityConfig                    0x08002f39   Thumb Code    18  stm32f4xx_tim.o(i.TIM_OC1PolarityConfig)
    TIM_OC1PreloadConfig                     0x08002f4b   Thumb Code    18  stm32f4xx_tim.o(i.TIM_OC1PreloadConfig)
    TIM_OC2Init                              0x08002f5d   Thumb Code   154  stm32f4xx_tim.o(i.TIM_OC2Init)
    TIM_OC2PreloadConfig                     0x08003001   Thumb Code    26  stm32f4xx_tim.o(i.TIM_OC2PreloadConfig)
    TIM_OC3Init                              0x0800301d   Thumb Code   150  stm32f4xx_tim.o(i.TIM_OC3Init)
    TIM_OC3PreloadConfig                     0x080030bd   Thumb Code    18  stm32f4xx_tim.o(i.TIM_OC3PreloadConfig)
    TIM_OC4Init                              0x080030d1   Thumb Code   112  stm32f4xx_tim.o(i.TIM_OC4Init)
    TIM_OC4PreloadConfig                     0x08003149   Thumb Code    26  stm32f4xx_tim.o(i.TIM_OC4PreloadConfig)
    TIM_SetCompare1                          0x08003163   Thumb Code     4  stm32f4xx_tim.o(i.TIM_SetCompare1)
    TIM_SetCompare2                          0x08003167   Thumb Code     4  stm32f4xx_tim.o(i.TIM_SetCompare2)
    TIM_SetCompare3                          0x0800316b   Thumb Code     4  stm32f4xx_tim.o(i.TIM_SetCompare3)
    TIM_SetCompare4                          0x0800316f   Thumb Code     4  stm32f4xx_tim.o(i.TIM_SetCompare4)
    TIM_SetCounter                           0x08003173   Thumb Code     4  stm32f4xx_tim.o(i.TIM_SetCounter)
    TIM_SetIC1Prescaler                      0x08003177   Thumb Code    18  stm32f4xx_tim.o(i.TIM_SetIC1Prescaler)
    TIM_SetIC2Prescaler                      0x08003189   Thumb Code    26  stm32f4xx_tim.o(i.TIM_SetIC2Prescaler)
    TIM_SetIC3Prescaler                      0x080031a3   Thumb Code    18  stm32f4xx_tim.o(i.TIM_SetIC3Prescaler)
    TIM_SetIC4Prescaler                      0x080031b5   Thumb Code    26  stm32f4xx_tim.o(i.TIM_SetIC4Prescaler)
    TIM_TimeBaseInit                         0x080031d1   Thumb Code   104  stm32f4xx_tim.o(i.TIM_TimeBaseInit)
    UART7_IRQHandler                         0x08003255   Thumb Code   498  stm32f4xx_it.o(i.UART7_IRQHandler)
    USART1_IRQHandler                        0x08003475   Thumb Code   154  dji_remote.o(i.USART1_IRQHandler)
    USART_ClearITPendingBit                  0x0800351d   Thumb Code    30  stm32f4xx_usart.o(i.USART_ClearITPendingBit)
    USART_Cmd                                0x0800353b   Thumb Code    24  stm32f4xx_usart.o(i.USART_Cmd)
    USART_DMACmd                             0x08003553   Thumb Code    18  stm32f4xx_usart.o(i.USART_DMACmd)
    USART_DeInit                             0x08003565   Thumb Code   206  stm32f4xx_usart.o(i.USART_DeInit)
    USART_GetFlagStatus                      0x08003655   Thumb Code    26  stm32f4xx_usart.o(i.USART_GetFlagStatus)
    USART_GetITStatus                        0x0800366f   Thumb Code    84  stm32f4xx_usart.o(i.USART_GetITStatus)
    USART_ITConfig                           0x080036c3   Thumb Code    74  stm32f4xx_usart.o(i.USART_ITConfig)
    USART_Init                               0x0800370d   Thumb Code   204  stm32f4xx_usart.o(i.USART_Init)
    USART_ReceiveData                        0x080037e1   Thumb Code    10  stm32f4xx_usart.o(i.USART_ReceiveData)
    USART_SendData                           0x080037eb   Thumb Code     8  stm32f4xx_usart.o(i.USART_SendData)
    UsageFault_Handler                       0x080037f3   Thumb Code     4  stm32f4xx_it.o(i.UsageFault_Handler)
    VPID_Init                                0x080037f7   Thumb Code    20  speed_pid.o(i.VPID_Init)
    VPID_Init_All                            0x0800380d   Thumb Code    34  speed_pid.o(i.VPID_Init_All)
    __0printf                                0x08003845   Thumb Code    22  printfa.o(i.__0printf)
    __1printf                                0x08003845   Thumb Code     0  printfa.o(i.__0printf)
    __2printf                                0x08003845   Thumb Code     0  printfa.o(i.__0printf)
    __c89printf                              0x08003845   Thumb Code     0  printfa.o(i.__0printf)
    printf                                   0x08003845   Thumb Code     0  printfa.o(i.__0printf)
    __0snprintf                              0x08003865   Thumb Code    36  printfa.o(i.__0snprintf)
    __1snprintf                              0x08003865   Thumb Code     0  printfa.o(i.__0snprintf)
    __2snprintf                              0x08003865   Thumb Code     0  printfa.o(i.__0snprintf)
    __c89snprintf                            0x08003865   Thumb Code     0  printfa.o(i.__0snprintf)
    snprintf                                 0x08003865   Thumb Code     0  printfa.o(i.__0snprintf)
    __0sprintf                               0x0800388d   Thumb Code    34  printfa.o(i.__0sprintf)
    __1sprintf                               0x0800388d   Thumb Code     0  printfa.o(i.__0sprintf)
    __2sprintf                               0x0800388d   Thumb Code     0  printfa.o(i.__0sprintf)
    __c89sprintf                             0x0800388d   Thumb Code     0  printfa.o(i.__0sprintf)
    sprintf                                  0x0800388d   Thumb Code     0  printfa.o(i.__0sprintf)
    __0vsnprintf                             0x080038b5   Thumb Code    32  printfa.o(i.__0vsnprintf)
    __1vsnprintf                             0x080038b5   Thumb Code     0  printfa.o(i.__0vsnprintf)
    __2vsnprintf                             0x080038b5   Thumb Code     0  printfa.o(i.__0vsnprintf)
    __c89vsnprintf                           0x080038b5   Thumb Code     0  printfa.o(i.__0vsnprintf)
    vsnprintf                                0x080038b5   Thumb Code     0  printfa.o(i.__0vsnprintf)
    __ARM_common_switch8                     0x080038d9   Thumb Code    26  dump.o(i.__ARM_common_switch8)
    __ARM_isinf                              0x080038f3   Thumb Code    22  value.o(i.__ARM_isinf)
    __ARM_isnan                              0x08003909   Thumb Code    20  value.o(i.__ARM_isnan)
    __aeabi_errno_addr                       0x08003921   Thumb Code     4  errno.o(i.__aeabi_errno_addr)
    __rt_errno_addr                          0x08003921   Thumb Code     0  errno.o(i.__aeabi_errno_addr)
    __scatterload_copy                       0x08003929   Thumb Code    14  handlers.o(i.__scatterload_copy)
    __scatterload_null                       0x08003937   Thumb Code     2  handlers.o(i.__scatterload_null)
    __scatterload_zeroinit                   0x08003939   Thumb Code    14  handlers.o(i.__scatterload_zeroinit)
    _is_digit                                0x08003aad   Thumb Code    14  scanf_fp.o(i._is_digit)
    apid_PID_realize                         0x0800420d   Thumb Code   174  angle_pid.o(i.apid_PID_realize)
    apid_realize                             0x080042d1   Thumb Code   186  angle_pid.o(i.apid_realize)
    caclulate_handpwm_pulse                  0x080043c5   Thumb Code   328  json.o(i.caclulate_handpwm_pulse)
    delay_init                               0x08004575   Thumb Code    46  delay.o(i.delay_init)
    delay_ms                                 0x080045ad   Thumb Code    56  delay.o(i.delay_ms)
    delay_xms                                0x080045e5   Thumb Code    56  delay.o(i.delay_xms)
    find_max                                 0x08004c31   Thumb Code   122  kinematic.o(i.find_max)
    fputc                                    0x08004cbd   Thumb Code    32  bsp_uart7.o(i.fputc)
    free                                     0x08004ce1   Thumb Code    76  malloc.o(i.free)
    fric1_on                                 0x08004d31   Thumb Code    14  fric.o(i.fric1_on)
    fric2_on                                 0x08004d45   Thumb Code    14  fric.o(i.fric2_on)
    fric_PWM_configuration                   0x08004d59   Thumb Code   294  fric.o(i.fric_PWM_configuration)
    hashtable_close                          0x08004fd1   Thumb Code    16  hashtable.o(i.hashtable_close)
    hashtable_get                            0x080050b5   Thumb Code    58  hashtable.o(i.hashtable_get)
    hashtable_init                           0x080050f5   Thumb Code    72  hashtable.o(i.hashtable_init)
    hashtable_iter                           0x0800513d   Thumb Code    12  hashtable.o(i.hashtable_iter)
    hashtable_iter_key                       0x08005149   Thumb Code     4  hashtable.o(i.hashtable_iter_key)
    hashtable_iter_next                      0x0800514d   Thumb Code    14  hashtable.o(i.hashtable_iter_next)
    hashtable_iter_serial                    0x0800515b   Thumb Code     4  hashtable.o(i.hashtable_iter_serial)
    hashtable_iter_value                     0x0800515f   Thumb Code     4  hashtable.o(i.hashtable_iter_value)
    hashtable_set                            0x08005165   Thumb Code   168  hashtable.o(i.hashtable_set)
    json_array                               0x0800523b   Thumb Code    54  value.o(i.json_array)
    json_array_append_new                    0x08005271   Thumb Code    68  value.o(i.json_array_append_new)
    json_array_get                           0x080052b9   Thumb Code    28  value.o(i.json_array_get)
    json_array_size                          0x08005321   Thumb Code    18  value.o(i.json_array_size)
    json_delete                              0x080053af   Thumb Code    84  value.o(i.json_delete)
    json_dump_callback                       0x08005403   Thumb Code    42  dump.o(i.json_dump_callback)
    json_dumps                               0x0800542d   Thumb Code    62  dump.o(i.json_dumps)
    json_false                               0x08005471   Thumb Code     4  value.o(i.json_false)
    json_integer                             0x08005499   Thumb Code    28  value.o(i.json_integer)
    json_integer_value                       0x080054b5   Thumb Code    24  value.o(i.json_integer_value)
    json_loads                               0x080054cd   Thumb Code    82  load.o(i.json_loads)
    json_null                                0x08005541   Thumb Code     4  value.o(i.json_null)
    json_object                              0x08005549   Thumb Code    70  value.o(i.json_object)
    json_object_get                          0x08005595   Thumb Code    28  value.o(i.json_object_get)
    json_object_iter                         0x080055b1   Thumb Code    24  value.o(i.json_object_iter)
    json_object_iter_key                     0x080055c9   Thumb Code    12  value.o(i.json_object_iter_key)
    json_object_iter_next                    0x080055d5   Thumb Code    28  value.o(i.json_object_iter_next)
    json_object_iter_value                   0x080055f1   Thumb Code    12  value.o(i.json_object_iter_value)
    json_object_seed                         0x080055fd   Thumb Code    34  hashtable_seed.o(i.json_object_seed)
    json_object_set_new_nocheck              0x08005625   Thumb Code    58  value.o(i.json_object_set_new_nocheck)
    json_object_size                         0x08005665   Thumb Code    18  value.o(i.json_object_size)
    json_pack                                0x08005677   Thumb Code    24  pack_unpack.o(i.json_pack)
    json_real                                0x0800568f   Thumb Code    52  value.o(i.json_real)
    json_real_value                          0x080056c3   Thumb Code    24  value.o(i.json_real_value)
    json_string_length                       0x080056db   Thumb Code    18  value.o(i.json_string_length)
    json_string_value                        0x080056ed   Thumb Code    18  value.o(i.json_string_value)
    json_stringn_nocheck                     0x080056ff   Thumb Code    10  value.o(i.json_stringn_nocheck)
    json_true                                0x08005709   Thumb Code     4  value.o(i.json_true)
    json_vpack_ex                            0x08005711   Thumb Code   128  pack_unpack.o(i.json_vpack_ex)
    jsonp_dtostr                             0x080057d5   Thumb Code   150  strconv.o(i.jsonp_dtostr)
    jsonp_error_init                         0x08005875   Thumb Code    34  error.o(i.jsonp_error_init)
    jsonp_error_set                          0x08005897   Thumb Code    16  error.o(i.jsonp_error_set)
    jsonp_error_set_source                   0x080058a9   Thumb Code    56  error.o(i.jsonp_error_set_source)
    jsonp_error_vset                         0x080058e5   Thumb Code    44  error.o(i.jsonp_error_vset)
    jsonp_free                               0x08005911   Thumb Code    12  memory.o(i.jsonp_free)
    jsonp_malloc                             0x08005921   Thumb Code    12  memory.o(i.jsonp_malloc)
    jsonp_strdup                             0x08005931   Thumb Code    18  memory.o(i.jsonp_strdup)
    jsonp_stringn_nocheck_own                0x08005943   Thumb Code    10  value.o(i.jsonp_stringn_nocheck_own)
    jsonp_strndup                            0x0800594d   Thumb Code    36  memory.o(i.jsonp_strndup)
    jsonp_strtod                             0x08005971   Thumb Code    90  strconv.o(i.jsonp_strtod)
    key_init                                 0x080059d5   Thumb Code    42  key.o(i.key_init)
    key_press                                0x08005a05   Thumb Code    56  key.o(i.key_press)
    led_init                                 0x08005a49   Thumb Code    60  led.o(i.led_init)
    main                                     0x08006099   Thumb Code    60  main.o(i.main)
    malloc                                   0x080060ed   Thumb Code    92  malloc.o(i.malloc)
    motor_init                               0x08006159   Thumb Code    60  motor.o(i.motor_init)
    power_init                               0x0800692d   Thumb Code   112  power.o(i.power_init)
    power_open_all                           0x080069a5   Thumb Code    12  power.o(i.power_open_all)
    record_motor_callback                    0x08006b25   Thumb Code    74  motor.o(i.record_motor_callback)
    resolve_chassis_mode_command             0x08006b71   Thumb Code    68  json.o(i.resolve_chassis_mode_command)
    resolve_fric_mode_command                0x08006bc9   Thumb Code    68  json.o(i.resolve_fric_mode_command)
    resolve_gimbal_mode_command              0x08006c21   Thumb Code    68  json.o(i.resolve_gimbal_mode_command)
    resolve_json_chassis_command             0x08006c79   Thumb Code   152  json.o(i.resolve_json_chassis_command)
    resolve_json_fric_command                0x08006d21   Thumb Code    92  json.o(i.resolve_json_fric_command)
    resolve_json_handgimbal_command          0x08006d95   Thumb Code   132  json.o(i.resolve_json_handgimbal_command)
    resolve_json_mode_command                0x08006e2d   Thumb Code    16  json.o(i.resolve_json_mode_command)
    seed_from_timestamp_and_pid              0x08006e69   Thumb Code     6  jansson_config.o(i.seed_from_timestamp_and_pid)
    send_cgf_info_by_json                    0x08006e71   Thumb Code   622  json.o(i.send_cgf_info_by_json)
    set_chassis_current                      0x08007185   Thumb Code   122  motor.o(i.set_chassis_current)
    set_chassis_motor_angle                  0x08007211   Thumb Code    20  angle_pid.o(i.set_chassis_motor_angle)
    set_chassis_motor_speed                  0x08007235   Thumb Code    36  speed_pid.o(i.set_chassis_motor_speed)
    set_trigger_current                      0x08007295   Thumb Code   122  motor.o(i.set_trigger_current)
    set_trigger_motor_angle                  0x08007321   Thumb Code     6  angle_pid.o(i.set_trigger_motor_angle)
    set_trigger_motor_speed                  0x0800732d   Thumb Code     6  speed_pid.o(i.set_trigger_motor_speed)
    speed_control                            0x08007339   Thumb Code   426  kinematic.o(i.speed_control)
    stop_chassis_motor                       0x08007505   Thumb Code    56  motor.o(i.stop_chassis_motor)
    stop_trigger_motor                       0x0800754d   Thumb Code    34  motor.o(i.stop_trigger_motor)
    strbuffer_append_byte                    0x08007579   Thumb Code    12  strbuffer.o(i.strbuffer_append_byte)
    strbuffer_append_bytes                   0x08007585   Thumb Code   108  strbuffer.o(i.strbuffer_append_bytes)
    strbuffer_clear                          0x080075f5   Thumb Code    10  strbuffer.o(i.strbuffer_clear)
    strbuffer_close                          0x080075ff   Thumb Code    24  strbuffer.o(i.strbuffer_close)
    strbuffer_init                           0x08007617   Thumb Code    34  strbuffer.o(i.strbuffer_init)
    strbuffer_pop                            0x08007639   Thumb Code    24  strbuffer.o(i.strbuffer_pop)
    strbuffer_steal_value                    0x08007651   Thumb Code    10  strbuffer.o(i.strbuffer_steal_value)
    strbuffer_value                          0x0800765b   Thumb Code     4  strbuffer.o(i.strbuffer_value)
    strtod                                   0x080077e9   Thumb Code    34  strtod.o(i.strtod)
    trigger_control                          0x08007819   Thumb Code    76  kinematic.o(i.trigger_control)
    trigger_to_motor                         0x0800786d   Thumb Code    12  kinematic.o(i.trigger_to_motor)
    utf8_check_first                         0x0800787d   Thumb Code    60  utf.o(i.utf8_check_first)
    utf8_check_full                          0x080078b9   Thumb Code   126  utf.o(i.utf8_check_full)
    utf8_check_string                        0x08007941   Thumb Code    62  utf.o(i.utf8_check_string)
    utf8_encode                              0x08007981   Thumb Code   120  utf.o(i.utf8_encode)
    utf8_iterate                             0x080079fd   Thumb Code    64  utf.o(i.utf8_iterate)
    vpid_PI_realize                          0x08007a3d   Thumb Code   100  speed_pid.o(i.vpid_PI_realize)
    vpid_realize                             0x08007ab1   Thumb Code   150  speed_pid.o(i.vpid_realize)
    __ctype_table                            0x08007b71   Data         129  ctype_o.o(.constdata)
    Region$$Table$$Base                      0x08007bf8   Number         0  anon$$obj.o(Region$$Table)
    Region$$Table$$Limit                     0x08007c18   Number         0  anon$$obj.o(Region$$Table)
    flag_json_recieve                        0x20000014   Data           1  stm32f4xx_it.o(.data)
    tmp                                      0x20000016   Data           2  stm32f4xx_it.o(.data)
    max_base_linear_speed                    0x20000020   Data           4  kinematic.o(.data)
    max_base_rotational_speed                0x20000024   Data           4  kinematic.o(.data)
    stop_flag_1                              0x20000028   Data           4  kinematic.o(.data)
    stop_flag_2                              0x2000002c   Data           4  kinematic.o(.data)
    ap_pid_flag                              0x20000030   Data           4  angle_pid.o(.data)
    chassis_modes                            0x20000038   Data           1  json.o(.data)
    gimbal_modes                             0x20000039   Data           1  json.o(.data)
    fric_modes                               0x2000003a   Data           1  json.o(.data)
    tmp_getx                                 0x2000003c   Data           4  json.o(.data)
    tmp_gety                                 0x20000040   Data           4  json.o(.data)
    pitch_angle                              0x20000044   Data           4  json.o(.data)
    yaw_angle                                0x20000048   Data           4  json.o(.data)
    flag_command_recieved                    0x2000004c   Data           1  json.o(.data)
    flag_command_recieved1                   0x2000004d   Data           1  json.o(.data)
    flag_command_recieved2                   0x2000004e   Data           1  json.o(.data)
    flag_command_recieved3                   0x2000004f   Data           1  json.o(.data)
    flag_command_recieved4                   0x20000050   Data           1  json.o(.data)
    flag_command_recieved5                   0x20000051   Data           1  json.o(.data)
    max_motor_speed                          0x20000068   Data           4  motor.o(.data)
    debug_int                                0x20000070   Data           4  fs_remote.o(.data)
    TIM5CH1_CAPTURE_STA                      0x20000074   Data           1  fs_remote.o(.data)
    TIM5CH1_CAPTURE_VAL                      0x20000078   Data           4  fs_remote.o(.data)
    CH                                       0x2000007c   Data           1  fs_remote.o(.data)
    Control_Mode                             0x20000080   Data           1  remote_code.o(.data)
    x_speed                                  0x20000084   Data           4  remote_code.o(.data)
    y_speed                                  0x20000088   Data           4  remote_code.o(.data)
    r_speed                                  0x2000008c   Data           4  remote_code.o(.data)
    trigger_speed                            0x20000090   Data           4  remote_code.o(.data)
    pwm_pulse1                               0x20000094   Data           4  remote_code.o(.data)
    pwm_pulse2                               0x20000098   Data           4  remote_code.o(.data)
    send_data                                0x2000009c   Data          32  tim3_events.o(.data)
    tmp1                                     0x200000bc   Data           4  tim3_events.o(.data)
    hashtable_seed                           0x200000e4   Data           4  hashtable_seed.o(.data)
    __stdout                                 0x200000ec   Data           4  stdout.o(.data)
    __microlib_freelist                      0x200000f0   Data           4  mvars.o(.data)
    __microlib_freelist_initialised          0x200000f4   Data           4  mvars.o(.data)
    receiveBuffer                            0x200000f8   Data         150  stm32f4xx_it.o(.bss)
    get_rcc_clock                            0x20000190   Data          16  my_init.o(.bss)
    Kinematics                               0x200001a0   Data         120  kinematic.o(.bss)
    json_Buffer                              0x20000218   Data         150  json.o(.bss)
    motor1                                   0x200002b0   Data         112  motor.o(.bss)
    motor2                                   0x20000320   Data         112  motor.o(.bss)
    motor3                                   0x20000390   Data         112  motor.o(.bss)
    motor4                                   0x20000400   Data         112  motor.o(.bss)
    motor5                                   0x20000470   Data         112  motor.o(.bss)
    motor6                                   0x200004e0   Data         112  motor.o(.bss)
    motor7                                   0x20000550   Data         112  motor.o(.bss)
    motor8                                   0x200005c0   Data         112  motor.o(.bss)
    loopback                                 0x20000630   Data          32  motor.o(.bss)
    rc                                       0x20000650   Data          10  dji_remote.o(.bss)
    sbus_rx_buffer                           0x2000065a   Data          36  dji_remote.o(.bss)
    Pulse_Width                              0x20000680   Data          32  fs_remote.o(.bss)
    __heap_base                              0x200006a0   Data           0  startup_stm32f427_437xx.o(HEAP)
    __heap_limit                             0x200016a0   Data           0  startup_stm32f427_437xx.o(HEAP)
    __initial_sp                             0x200026a0   Data           0  startup_stm32f427_437xx.o(STACK)



==============================================================================

Memory Map of the image

  Image Entry point : 0x080001ad

  Load Region LR_IROM1 (Base: 0x08000000, Size: 0x00007d10, Max: 0x00200000, ABSOLUTE)

    Execution Region ER_IROM1 (Exec base: 0x08000000, Load base: 0x08000000, Size: 0x00007c18, Max: 0x00200000, ABSOLUTE)

    Exec Addr    Load Addr    Size         Type   Attr      Idx    E Section Name        Object

    0x08000000   0x08000000   0x000001ac   Data   RO            3    RESET               startup_stm32f427_437xx.o
    0x080001ac   0x080001ac   0x00000000   Code   RO         6886  * .ARM.Collect$$$$00000000  mc_w.l(entry.o)
    0x080001ac   0x080001ac   0x00000004   Code   RO         7250    .ARM.Collect$$$$00000001  mc_w.l(entry2.o)
    0x080001b0   0x080001b0   0x00000004   Code   RO         7253    .ARM.Collect$$$$00000004  mc_w.l(entry5.o)
    0x080001b4   0x080001b4   0x00000000   Code   RO         7255    .ARM.Collect$$$$00000008  mc_w.l(entry7b.o)
    0x080001b4   0x080001b4   0x00000000   Code   RO         7257    .ARM.Collect$$$$0000000A  mc_w.l(entry8b.o)
    0x080001b4   0x080001b4   0x00000008   Code   RO         7258    .ARM.Collect$$$$0000000B  mc_w.l(entry9a.o)
    0x080001bc   0x080001bc   0x00000000   Code   RO         7260    .ARM.Collect$$$$0000000D  mc_w.l(entry10a.o)
    0x080001bc   0x080001bc   0x00000000   Code   RO         7262    .ARM.Collect$$$$0000000F  mc_w.l(entry11a.o)
    0x080001bc   0x080001bc   0x00000004   Code   RO         7251    .ARM.Collect$$$$00002712  mc_w.l(entry2.o)
    0x080001c0   0x080001c0   0x00000024   Code   RO            4    .text               startup_stm32f427_437xx.o
    0x080001e4   0x080001e4   0x0000002c   Code   RO         6898    .text               mc_w.l(uidiv.o)
    0x08000210   0x08000210   0x0000009c   Code   RO         6900    .text               mc_w.l(qsort.o)
    0x080002ac   0x080002ac   0x00000040   Code   RO         6906    .text               mc_w.l(memmovea.o)
    0x080002ec   0x080002ec   0x00000024   Code   RO         6908    .text               mc_w.l(memseta.o)
    0x08000310   0x08000310   0x00000014   Code   RO         6910    .text               mc_w.l(strchr.o)
    0x08000324   0x08000324   0x0000000e   Code   RO         6912    .text               mc_w.l(strlen.o)
    0x08000332   0x08000332   0x0000001c   Code   RO         6914    .text               mc_w.l(strcmp.o)
    0x0800034e   0x0800034e   0x00000014   Code   RO         6916    .text               mc_w.l(memchr.o)
    0x08000362   0x08000362   0x00000012   Code   RO         6920    .text               mc_w.l(strcpy.o)
    0x08000374   0x08000374   0x00000004   Code   RO         7224    .text               mc_w.l(strtoll.o)
    0x08000378   0x08000378   0x0000014e   Code   RO         7226    .text               mf_w.l(dadd.o)
    0x080004c6   0x080004c6   0x000000e4   Code   RO         7228    .text               mf_w.l(dmul.o)
    0x080005aa   0x080005aa   0x000000de   Code   RO         7230    .text               mf_w.l(ddiv.o)
    0x08000688   0x08000688   0x0000002c   Code   RO         7232    .text               mf_w.l(ffltl.o)
    0x080006b4   0x080006b4   0x00000022   Code   RO         7234    .text               mf_w.l(dflti.o)
    0x080006d6   0x080006d6   0x0000003e   Code   RO         7240    .text               mf_w.l(dfixi.o)
    0x08000714   0x08000714   0x00000026   Code   RO         7242    .text               mf_w.l(f2d.o)
    0x0800073a   0x0800073a   0x00000002   PAD
    0x0800073c   0x0800073c   0x00000030   Code   RO         7244    .text               mf_w.l(cdcmple.o)
    0x0800076c   0x0800076c   0x00000030   Code   RO         7246    .text               mf_w.l(cdrcmple.o)
    0x0800079c   0x0800079c   0x00000038   Code   RO         7248    .text               mf_w.l(d2f.o)
    0x080007d4   0x080007d4   0x00000062   Code   RO         7265    .text               mc_w.l(uldiv.o)
    0x08000836   0x08000836   0x0000001e   Code   RO         7267    .text               mc_w.l(llshl.o)
    0x08000854   0x08000854   0x00000020   Code   RO         7269    .text               mc_w.l(llushr.o)
    0x08000874   0x08000874   0x00000024   Code   RO         7271    .text               mc_w.l(llsshr.o)
    0x08000898   0x08000898   0x0000009c   Code   RO         7275    .text               mc_w.l(strtod.o)
    0x08000934   0x08000934   0x00000090   Code   RO         7277    .text               mc_w.l(__strtoll.o)
    0x080009c4   0x080009c4   0x00000000   Code   RO         7279    .text               mc_w.l(iusefp.o)
    0x080009c4   0x080009c4   0x0000006e   Code   RO         7280    .text               mf_w.l(fepilogue.o)
    0x08000a32   0x08000a32   0x000000ba   Code   RO         7282    .text               mf_w.l(depilogue.o)
    0x08000aec   0x08000aec   0x00000030   Code   RO         7284    .text               mf_w.l(dfixul.o)
    0x08000b1c   0x08000b1c   0x00000024   Code   RO         7286    .text               mc_w.l(init.o)
    0x08000b40   0x08000b40   0x00000008   Code   RO         7290    .text               mc_w.l(ctype_o.o)
    0x08000b48   0x08000b48   0x00000012   Code   RO         7312    .text               mc_w.l(isspace_o.o)
    0x08000b5a   0x08000b5a   0x00000002   PAD
    0x08000b5c   0x08000b5c   0x00000338   Code   RO         7318    .text               mc_w.l(scanf_fp.o)
    0x08000e94   0x08000e94   0x00000040   Code   RO         7322    .text               mc_w.l(_sgetc.o)
    0x08000ed4   0x08000ed4   0x000000c2   Code   RO         7324    .text               mc_w.l(_strtoull.o)
    0x08000f96   0x08000f96   0x0000001c   Code   RO         7329    .text               mc_w.l(_chval.o)
    0x08000fb2   0x08000fb2   0x00000018   Code   RO         7331    .text               mf_w.l(dfltul.o)
    0x08000fca   0x08000fca   0x00000016   Code   RO         4679    i.APID_Init         angle_pid.o
    0x08000fe0   0x08000fe0   0x00000038   Code   RO         4680    i.APID_Init_All     angle_pid.o
    0x08001018   0x08001018   0x00000098   Code   RO         4567    i.All_Init          my_init.o
    0x080010b0   0x080010b0   0x00000110   Code   RO         4630    i.BaseVel_To_WheelVel  kinematic.o
    0x080011c0   0x080011c0   0x00000004   Code   RO         4323    i.BusFault_Handler  stm32f4xx_it.o
    0x080011c4   0x080011c4   0x00000100   Code   RO         5012    i.CAN1_Mode_Init    can.o
    0x080012c4   0x080012c4   0x0000015c   Code   RO         4324    i.CAN1_RX0_IRQHandler  stm32f4xx_it.o
    0x08001420   0x08001420   0x00000070   Code   RO         5014    i.CAN1_Send_CHASSIS_Msg  can.o
    0x08001490   0x08001490   0x00000070   Code   RO         5015    i.CAN1_Send_Trigger_Msg  can.o
    0x08001500   0x08001500   0x00000108   Code   RO          465    i.CAN_FilterInit    stm32f4xx_can.o
    0x08001608   0x08001608   0x00000012   Code   RO          471    i.CAN_ITConfig      stm32f4xx_can.o
    0x0800161a   0x0800161a   0x00000114   Code   RO          472    i.CAN_Init          stm32f4xx_can.o
    0x0800172e   0x0800172e   0x000000f0   Code   RO          475    i.CAN_Receive       stm32f4xx_can.o
    0x0800181e   0x0800181e   0x00000126   Code   RO          480    i.CAN_Transmit      stm32f4xx_can.o
    0x08001944   0x08001944   0x000000a0   Code   RO          481    i.CAN_TransmitStatus  stm32f4xx_can.o
    0x080019e4   0x080019e4   0x00000016   Code   RO          856    i.DMA_Cmd           stm32f4xx_dma.o
    0x080019fa   0x080019fa   0x00000002   PAD
    0x080019fc   0x080019fc   0x00000158   Code   RO          857    i.DMA_DeInit        stm32f4xx_dma.o
    0x08001b54   0x08001b54   0x00000016   Code   RO          858    i.DMA_DoubleBufferModeCmd  stm32f4xx_dma.o
    0x08001b6a   0x08001b6a   0x00000018   Code   RO          859    i.DMA_DoubleBufferModeConfig  stm32f4xx_dma.o
    0x08001b82   0x08001b82   0x00000014   Code   RO          863    i.DMA_GetCurrentMemoryTarget  stm32f4xx_dma.o
    0x08001b96   0x08001b96   0x00000002   PAD
    0x08001b98   0x08001b98   0x00000058   Code   RO          868    i.DMA_Init          stm32f4xx_dma.o
    0x08001bf0   0x08001bf0   0x00000002   Code   RO         4325    i.DebugMon_Handler  stm32f4xx_it.o
    0x08001bf2   0x08001bf2   0x00000002   PAD
    0x08001bf4   0x08001bf4   0x00000040   Code   RO         5482    i.Debug_Key         tim3_events.o
    0x08001c34   0x08001c34   0x000000c0   Code   RO         4949    i.Debug_USART_Config  bsp_debug_usart.o
    0x08001cf4   0x08001cf4   0x0000013c   Code   RO         5342    i.Dji_Remote_Init   dji_remote.o
    0x08001e30   0x08001e30   0x000000c0   Code   RO         5384    i.FS_Remote_Init    fs_remote.o
    0x08001ef0   0x08001ef0   0x00000090   Code   RO         1593    i.GPIO_Init         stm32f4xx_gpio.o
    0x08001f80   0x08001f80   0x00000046   Code   RO         1594    i.GPIO_PinAFConfig  stm32f4xx_gpio.o
    0x08001fc6   0x08001fc6   0x00000004   Code   RO         1600    i.GPIO_ResetBits    stm32f4xx_gpio.o
    0x08001fca   0x08001fca   0x00000004   Code   RO         1601    i.GPIO_SetBits      stm32f4xx_gpio.o
    0x08001fce   0x08001fce   0x00000002   PAD
    0x08001fd0   0x08001fd0   0x00000144   Code   RO         4631    i.Get_Base_Velocities  kinematic.o
    0x08002114   0x08002114   0x00000004   Code   RO         4326    i.HardFault_Handler  stm32f4xx_it.o
    0x08002118   0x08002118   0x000000c0   Code   RO         5057    i.JSON_USART_Config  bsp_uart7.o
    0x080021d8   0x080021d8   0x00000010   Code   RO         4475    i.MY_NVIC_SetVectorTable  sys.o
    0x080021e8   0x080021e8   0x00000004   Code   RO         4327    i.MemManage_Handler  stm32f4xx_it.o
    0x080021ec   0x080021ec   0x00000002   Code   RO         4328    i.NMI_Handler       stm32f4xx_it.o
    0x080021ee   0x080021ee   0x00000002   PAD
    0x080021f0   0x080021f0   0x00000078   Code   RO          161    i.NVIC_Init         misc.o
    0x08002268   0x08002268   0x00000014   Code   RO          162    i.NVIC_PriorityGroupConfig  misc.o
    0x0800227c   0x0800227c   0x0000001c   Code   RO         5385    i.Pulse_Width_Init  fs_remote.o
    0x08002298   0x08002298   0x00000020   Code   RO         2078    i.RCC_AHB1PeriphClockCmd  stm32f4xx_rcc.o
    0x080022b8   0x080022b8   0x00000020   Code   RO         2087    i.RCC_APB1PeriphClockCmd  stm32f4xx_rcc.o
    0x080022d8   0x080022d8   0x00000020   Code   RO         2089    i.RCC_APB1PeriphResetCmd  stm32f4xx_rcc.o
    0x080022f8   0x080022f8   0x00000020   Code   RO         2090    i.RCC_APB2PeriphClockCmd  stm32f4xx_rcc.o
    0x08002318   0x08002318   0x00000020   Code   RO         2092    i.RCC_APB2PeriphResetCmd  stm32f4xx_rcc.o
    0x08002338   0x08002338   0x000000e8   Code   RO         2099    i.RCC_GetClocksFreq  stm32f4xx_rcc.o
    0x08002420   0x08002420   0x00000078   Code   RO         5386    i.Record_Pulse_Width  fs_remote.o
    0x08002498   0x08002498   0x00000068   Code   RO         5343    i.RemoteDataProcess  dji_remote.o
    0x08002500   0x08002500   0x00000104   Code   RO         5483    i.Robo_Move         tim3_events.o
    0x08002604   0x08002604   0x00000120   Code   RO           13    i.SetSysClock       system_stm32f4xx.o
    0x08002724   0x08002724   0x00000068   Code   RO         4476    i.Stm32_Clock_Init  sys.o
    0x0800278c   0x0800278c   0x0000010c   Code   RO         4477    i.Sys_Clock_Set     sys.o
    0x08002898   0x08002898   0x00000068   Code   RO           15    i.SystemInit        system_stm32f4xx.o
    0x08002900   0x08002900   0x0000003a   Code   RO         3200    i.TI1_Config        stm32f4xx_tim.o
    0x0800293a   0x0800293a   0x00000050   Code   RO         3201    i.TI2_Config        stm32f4xx_tim.o
    0x0800298a   0x0800298a   0x00000048   Code   RO         3202    i.TI3_Config        stm32f4xx_tim.o
    0x080029d2   0x080029d2   0x00000050   Code   RO         3203    i.TI4_Config        stm32f4xx_tim.o
    0x08002a22   0x08002a22   0x00000002   PAD
    0x08002a24   0x08002a24   0x00000108   Code   RO         5653    i.TIM1_GIMBAL_Init  gimbal.o
    0x08002b2c   0x08002b2c   0x00000138   Code   RO         4216    i.TIM3_IRQHandler   main.o
    0x08002c64   0x08002c64   0x0000005c   Code   RO         4985    i.TIM3_Int_Init     timer.o
    0x08002cc0   0x08002cc0   0x00000100   Code   RO         5387    i.TIM5_IRQHandler   fs_remote.o
    0x08002dc0   0x08002dc0   0x00000018   Code   RO         3204    i.TIM_ARRPreloadConfig  stm32f4xx_tim.o
    0x08002dd8   0x08002dd8   0x00000006   Code   RO         3211    i.TIM_ClearITPendingBit  stm32f4xx_tim.o
    0x08002dde   0x08002dde   0x00000018   Code   RO         3216    i.TIM_Cmd           stm32f4xx_tim.o
    0x08002df6   0x08002df6   0x0000001e   Code   RO         3218    i.TIM_CtrlPWMOutputs  stm32f4xx_tim.o
    0x08002e14   0x08002e14   0x00000006   Code   RO         3231    i.TIM_GetCapture1   stm32f4xx_tim.o
    0x08002e1a   0x08002e1a   0x00000022   Code   RO         3237    i.TIM_GetITStatus   stm32f4xx_tim.o
    0x08002e3c   0x08002e3c   0x0000006e   Code   RO         3239    i.TIM_ICInit        stm32f4xx_tim.o
    0x08002eaa   0x08002eaa   0x00000012   Code   RO         3241    i.TIM_ITConfig      stm32f4xx_tim.o
    0x08002ebc   0x08002ebc   0x0000007c   Code   RO         3245    i.TIM_OC1Init       stm32f4xx_tim.o
    0x08002f38   0x08002f38   0x00000012   Code   RO         3247    i.TIM_OC1PolarityConfig  stm32f4xx_tim.o
    0x08002f4a   0x08002f4a   0x00000012   Code   RO         3248    i.TIM_OC1PreloadConfig  stm32f4xx_tim.o
    0x08002f5c   0x08002f5c   0x000000a4   Code   RO         3250    i.TIM_OC2Init       stm32f4xx_tim.o
    0x08003000   0x08003000   0x0000001a   Code   RO         3253    i.TIM_OC2PreloadConfig  stm32f4xx_tim.o
    0x0800301a   0x0800301a   0x00000002   PAD
    0x0800301c   0x0800301c   0x000000a0   Code   RO         3255    i.TIM_OC3Init       stm32f4xx_tim.o
    0x080030bc   0x080030bc   0x00000012   Code   RO         3258    i.TIM_OC3PreloadConfig  stm32f4xx_tim.o
    0x080030ce   0x080030ce   0x00000002   PAD
    0x080030d0   0x080030d0   0x00000078   Code   RO         3260    i.TIM_OC4Init       stm32f4xx_tim.o
    0x08003148   0x08003148   0x0000001a   Code   RO         3262    i.TIM_OC4PreloadConfig  stm32f4xx_tim.o
    0x08003162   0x08003162   0x00000004   Code   RO         3278    i.TIM_SetCompare1   stm32f4xx_tim.o
    0x08003166   0x08003166   0x00000004   Code   RO         3279    i.TIM_SetCompare2   stm32f4xx_tim.o
    0x0800316a   0x0800316a   0x00000004   Code   RO         3280    i.TIM_SetCompare3   stm32f4xx_tim.o
    0x0800316e   0x0800316e   0x00000004   Code   RO         3281    i.TIM_SetCompare4   stm32f4xx_tim.o
    0x08003172   0x08003172   0x00000004   Code   RO         3282    i.TIM_SetCounter    stm32f4xx_tim.o
    0x08003176   0x08003176   0x00000012   Code   RO         3283    i.TIM_SetIC1Prescaler  stm32f4xx_tim.o
    0x08003188   0x08003188   0x0000001a   Code   RO         3284    i.TIM_SetIC2Prescaler  stm32f4xx_tim.o
    0x080031a2   0x080031a2   0x00000012   Code   RO         3285    i.TIM_SetIC3Prescaler  stm32f4xx_tim.o
    0x080031b4   0x080031b4   0x0000001a   Code   RO         3286    i.TIM_SetIC4Prescaler  stm32f4xx_tim.o
    0x080031ce   0x080031ce   0x00000002   PAD
    0x080031d0   0x080031d0   0x00000084   Code   RO         3288    i.TIM_TimeBaseInit  stm32f4xx_tim.o
    0x08003254   0x08003254   0x00000220   Code   RO         4329    i.UART7_IRQHandler  stm32f4xx_it.o
    0x08003474   0x08003474   0x000000a8   Code   RO         5344    i.USART1_IRQHandler  dji_remote.o
    0x0800351c   0x0800351c   0x0000001e   Code   RO         3767    i.USART_ClearITPendingBit  stm32f4xx_usart.o
    0x0800353a   0x0800353a   0x00000018   Code   RO         3770    i.USART_Cmd         stm32f4xx_usart.o
    0x08003552   0x08003552   0x00000012   Code   RO         3771    i.USART_DMACmd      stm32f4xx_usart.o
    0x08003564   0x08003564   0x000000f0   Code   RO         3772    i.USART_DeInit      stm32f4xx_usart.o
    0x08003654   0x08003654   0x0000001a   Code   RO         3773    i.USART_GetFlagStatus  stm32f4xx_usart.o
    0x0800366e   0x0800366e   0x00000054   Code   RO         3774    i.USART_GetITStatus  stm32f4xx_usart.o
    0x080036c2   0x080036c2   0x0000004a   Code   RO         3776    i.USART_ITConfig    stm32f4xx_usart.o
    0x0800370c   0x0800370c   0x000000d4   Code   RO         3777    i.USART_Init        stm32f4xx_usart.o
    0x080037e0   0x080037e0   0x0000000a   Code   RO         3784    i.USART_ReceiveData  stm32f4xx_usart.o
    0x080037ea   0x080037ea   0x00000008   Code   RO         3787    i.USART_SendData    stm32f4xx_usart.o
    0x080037f2   0x080037f2   0x00000004   Code   RO         4330    i.UsageFault_Handler  stm32f4xx_it.o
    0x080037f6   0x080037f6   0x00000014   Code   RO         4731    i.VPID_Init         speed_pid.o
    0x0800380a   0x0800380a   0x00000002   PAD
    0x0800380c   0x0800380c   0x00000038   Code   RO         4732    i.VPID_Init_All     speed_pid.o
    0x08003844   0x08003844   0x00000020   Code   RO         7161    i.__0printf         mc_w.l(printfa.o)
    0x08003864   0x08003864   0x00000028   Code   RO         7162    i.__0snprintf       mc_w.l(printfa.o)
    0x0800388c   0x0800388c   0x00000028   Code   RO         7163    i.__0sprintf        mc_w.l(printfa.o)
    0x080038b4   0x080038b4   0x00000024   Code   RO         7166    i.__0vsnprintf      mc_w.l(printfa.o)
    0x080038d8   0x080038d8   0x0000001a   Code   RO         5748    i.__ARM_common_switch8  jansson_CM3LE.lib(dump.o)
    0x080038f2   0x080038f2   0x00000016   Code   RO         6441    i.__ARM_isinf       jansson_CM3LE.lib(value.o)
    0x08003908   0x08003908   0x00000018   Code   RO         6446    i.__ARM_isnan       jansson_CM3LE.lib(value.o)
    0x08003920   0x08003920   0x00000008   Code   RO         7217    i.__aeabi_errno_addr  mc_w.l(errno.o)
    0x08003928   0x08003928   0x0000000e   Code   RO         7335    i.__scatterload_copy  mc_w.l(handlers.o)
    0x08003936   0x08003936   0x00000002   Code   RO         7336    i.__scatterload_null  mc_w.l(handlers.o)
    0x08003938   0x08003938   0x0000000e   Code   RO         7337    i.__scatterload_zeroinit  mc_w.l(handlers.o)
    0x08003946   0x08003946   0x00000002   PAD
    0x08003948   0x08003948   0x00000164   Code   RO         7168    i._fp_digits        mc_w.l(printfa.o)
    0x08003aac   0x08003aac   0x0000000e   Code   RO         7320    i._is_digit         mc_w.l(scanf_fp.o)
    0x08003aba   0x08003aba   0x00000002   PAD
    0x08003abc   0x08003abc   0x000006dc   Code   RO         7169    i._printf_core      mc_w.l(printfa.o)
    0x08004198   0x08004198   0x00000024   Code   RO         7170    i._printf_post_padding  mc_w.l(printfa.o)
    0x080041bc   0x080041bc   0x0000002e   Code   RO         7171    i._printf_pre_padding  mc_w.l(printfa.o)
    0x080041ea   0x080041ea   0x00000016   Code   RO         7172    i._snputc           mc_w.l(printfa.o)
    0x08004200   0x08004200   0x0000000a   Code   RO         7173    i._sputc            mc_w.l(printfa.o)
    0x0800420a   0x0800420a   0x00000002   PAD
    0x0800420c   0x0800420c   0x000000c4   Code   RO         4681    i.apid_PID_realize  angle_pid.o
    0x080042d0   0x080042d0   0x000000c4   Code   RO         4682    i.apid_realize      angle_pid.o
    0x08004394   0x08004394   0x00000018   Code   RO         6095    i.array_copy        jansson_CM3LE.lib(value.o)
    0x080043ac   0x080043ac   0x00000016   Code   RO         6535    i.bucket_is_empty   jansson_CM3LE.lib(hashtable.o)
    0x080043c2   0x080043c2   0x00000002   PAD
    0x080043c4   0x080043c4   0x00000164   Code   RO         4782    i.caclulate_handpwm_pulse  json.o
    0x08004528   0x08004528   0x0000004c   Code   RO         5796    i.decode_unicode_escape  jansson_CM3LE.lib(load.o)
    0x08004574   0x08004574   0x00000038   Code   RO         4423    i.delay_init        delay.o
    0x080045ac   0x080045ac   0x00000038   Code   RO         4424    i.delay_ms          delay.o
    0x080045e4   0x080045e4   0x0000003c   Code   RO         4426    i.delay_xms         delay.o
    0x08004620   0x08004620   0x00000394   Code   RO         5686    i.do_dump           jansson_CM3LE.lib(dump.o)
    0x080049b4   0x080049b4   0x00000060   Code   RO         5687    i.dump_indent       jansson_CM3LE.lib(dump.o)
    0x08004a14   0x08004a14   0x0000014c   Code   RO         5688    i.dump_string       jansson_CM3LE.lib(dump.o)
    0x08004b60   0x08004b60   0x00000010   Code   RO         5690    i.dump_to_strbuffer  jansson_CM3LE.lib(dump.o)
    0x08004b70   0x08004b70   0x000000c0   Code   RO         5797    i.error_set         jansson_CM3LE.lib(load.o)
    0x08004c30   0x08004c30   0x0000008c   Code   RO         4632    i.find_max          kinematic.o
    0x08004cbc   0x08004cbc   0x00000024   Code   RO         5059    i.fputc             bsp_uart7.o
    0x08004ce0   0x08004ce0   0x00000050   Code   RO         7189    i.free              mc_w.l(malloc.o)
    0x08004d30   0x08004d30   0x00000014   Code   RO         5531    i.fric1_on          fric.o
    0x08004d44   0x08004d44   0x00000014   Code   RO         5532    i.fric2_on          fric.o
    0x08004d58   0x08004d58   0x00000134   Code   RO         5533    i.fric_PWM_configuration  fric.o
    0x08004e8c   0x08004e8c   0x00000144   Code   RO         6536    i.hashlittle        jansson_CM3LE.lib(hashtable.o)
    0x08004fd0   0x08004fd0   0x00000010   Code   RO         6538    i.hashtable_close   jansson_CM3LE.lib(hashtable.o)
    0x08004fe0   0x08004fe0   0x00000022   Code   RO         6540    i.hashtable_do_clear  jansson_CM3LE.lib(hashtable.o)
    0x08005002   0x08005002   0x00000076   Code   RO         6542    i.hashtable_do_rehash  jansson_CM3LE.lib(hashtable.o)
    0x08005078   0x08005078   0x0000003c   Code   RO         6543    i.hashtable_find_pair  jansson_CM3LE.lib(hashtable.o)
    0x080050b4   0x080050b4   0x00000040   Code   RO         6544    i.hashtable_get     jansson_CM3LE.lib(hashtable.o)
    0x080050f4   0x080050f4   0x00000048   Code   RO         6545    i.hashtable_init    jansson_CM3LE.lib(hashtable.o)
    0x0800513c   0x0800513c   0x0000000c   Code   RO         6546    i.hashtable_iter    jansson_CM3LE.lib(hashtable.o)
    0x08005148   0x08005148   0x00000004   Code   RO         6548    i.hashtable_iter_key  jansson_CM3LE.lib(hashtable.o)
    0x0800514c   0x0800514c   0x0000000e   Code   RO         6549    i.hashtable_iter_next  jansson_CM3LE.lib(hashtable.o)
    0x0800515a   0x0800515a   0x00000004   Code   RO         6550    i.hashtable_iter_serial  jansson_CM3LE.lib(hashtable.o)
    0x0800515e   0x0800515e   0x00000004   Code   RO         6552    i.hashtable_iter_value  jansson_CM3LE.lib(hashtable.o)
    0x08005162   0x08005162   0x00000002   PAD
    0x08005164   0x08005164   0x000000ac   Code   RO         6553    i.hashtable_set     jansson_CM3LE.lib(hashtable.o)
    0x08005210   0x08005210   0x0000002a   Code   RO         6554    i.insert_to_bucket  jansson_CM3LE.lib(hashtable.o)
    0x0800523a   0x0800523a   0x00000036   Code   RO         6097    i.json_array        jansson_CM3LE.lib(value.o)
    0x08005270   0x08005270   0x00000048   Code   RO         6098    i.json_array_append_new  jansson_CM3LE.lib(value.o)
    0x080052b8   0x080052b8   0x0000001c   Code   RO         6101    i.json_array_get    jansson_CM3LE.lib(value.o)
    0x080052d4   0x080052d4   0x0000004c   Code   RO         6102    i.json_array_grow   jansson_CM3LE.lib(value.o)
    0x08005320   0x08005320   0x00000012   Code   RO         6106    i.json_array_size   jansson_CM3LE.lib(value.o)
    0x08005332   0x08005332   0x0000001c   Code   RO         4785    i.json_decref       json.o
    0x0800534e   0x0800534e   0x00000018   Code   RO         5798    i.json_decref       jansson_CM3LE.lib(load.o)
    0x08005366   0x08005366   0x00000018   Code   RO         5960    i.json_decref       jansson_CM3LE.lib(pack_unpack.o)
    0x0800537e   0x0800537e   0x00000018   Code   RO         6108    i.json_decref       jansson_CM3LE.lib(value.o)
    0x08005396   0x08005396   0x00000018   Code   RO         6555    i.json_decref       jansson_CM3LE.lib(hashtable.o)
    0x080053ae   0x080053ae   0x00000054   Code   RO         6110    i.json_delete       jansson_CM3LE.lib(value.o)
    0x08005402   0x08005402   0x0000002a   Code   RO         5691    i.json_dump_callback  jansson_CM3LE.lib(dump.o)
    0x0800542c   0x0800542c   0x00000044   Code   RO         5694    i.json_dumps        jansson_CM3LE.lib(dump.o)
    0x08005470   0x08005470   0x00000008   Code   RO         6112    i.json_false        jansson_CM3LE.lib(value.o)
    0x08005478   0x08005478   0x00000010   Code   RO         5799    i.json_incref       jansson_CM3LE.lib(load.o)
    0x08005488   0x08005488   0x00000010   Code   RO         5961    i.json_incref       jansson_CM3LE.lib(pack_unpack.o)
    0x08005498   0x08005498   0x0000001c   Code   RO         6114    i.json_integer      jansson_CM3LE.lib(value.o)
    0x080054b4   0x080054b4   0x00000018   Code   RO         6116    i.json_integer_value  jansson_CM3LE.lib(value.o)
    0x080054cc   0x080054cc   0x00000074   Code   RO         5804    i.json_loads        jansson_CM3LE.lib(load.o)
    0x08005540   0x08005540   0x00000008   Code   RO         6117    i.json_null         jansson_CM3LE.lib(value.o)
    0x08005548   0x08005548   0x0000004c   Code   RO         6119    i.json_object       jansson_CM3LE.lib(value.o)
    0x08005594   0x08005594   0x0000001c   Code   RO         6124    i.json_object_get   jansson_CM3LE.lib(value.o)
    0x080055b0   0x080055b0   0x00000018   Code   RO         6125    i.json_object_iter  jansson_CM3LE.lib(value.o)
    0x080055c8   0x080055c8   0x0000000c   Code   RO         6127    i.json_object_iter_key  jansson_CM3LE.lib(value.o)
    0x080055d4   0x080055d4   0x0000001c   Code   RO         6128    i.json_object_iter_next  jansson_CM3LE.lib(value.o)
    0x080055f0   0x080055f0   0x0000000c   Code   RO         6130    i.json_object_iter_value  jansson_CM3LE.lib(value.o)
    0x080055fc   0x080055fc   0x00000028   Code   RO         6862    i.json_object_seed  jansson_CM3LE.lib(hashtable_seed.o)
    0x08005624   0x08005624   0x00000040   Code   RO         6133    i.json_object_set_new_nocheck  jansson_CM3LE.lib(value.o)
    0x08005664   0x08005664   0x00000012   Code   RO         6135    i.json_object_size  jansson_CM3LE.lib(value.o)
    0x08005676   0x08005676   0x00000018   Code   RO         5962    i.json_pack         jansson_CM3LE.lib(pack_unpack.o)
    0x0800568e   0x0800568e   0x00000034   Code   RO         6139    i.json_real         jansson_CM3LE.lib(value.o)
    0x080056c2   0x080056c2   0x00000018   Code   RO         6141    i.json_real_value   jansson_CM3LE.lib(value.o)
    0x080056da   0x080056da   0x00000012   Code   RO         6144    i.json_string_length  jansson_CM3LE.lib(value.o)
    0x080056ec   0x080056ec   0x00000012   Code   RO         6150    i.json_string_value  jansson_CM3LE.lib(value.o)
    0x080056fe   0x080056fe   0x0000000a   Code   RO         6152    i.json_stringn_nocheck  jansson_CM3LE.lib(value.o)
    0x08005708   0x08005708   0x00000008   Code   RO         6153    i.json_true         jansson_CM3LE.lib(value.o)
    0x08005710   0x08005710   0x000000c4   Code   RO         5966    i.json_vpack_ex     jansson_CM3LE.lib(pack_unpack.o)
    0x080057d4   0x080057d4   0x000000a0   Code   RO         6798    i.jsonp_dtostr      jansson_CM3LE.lib(strconv.o)
    0x08005874   0x08005874   0x00000022   Code   RO         6490    i.jsonp_error_init  jansson_CM3LE.lib(error.o)
    0x08005896   0x08005896   0x00000010   Code   RO         6491    i.jsonp_error_set   jansson_CM3LE.lib(error.o)
    0x080058a6   0x080058a6   0x00000002   PAD
    0x080058a8   0x080058a8   0x0000003c   Code   RO         6492    i.jsonp_error_set_source  jansson_CM3LE.lib(error.o)
    0x080058e4   0x080058e4   0x0000002c   Code   RO         6493    i.jsonp_error_vset  jansson_CM3LE.lib(error.o)
    0x08005910   0x08005910   0x00000010   Code   RO         6693    i.jsonp_free        jansson_CM3LE.lib(memory.o)
    0x08005920   0x08005920   0x00000010   Code   RO         6694    i.jsonp_malloc      jansson_CM3LE.lib(memory.o)
    0x08005930   0x08005930   0x00000012   Code   RO         6695    i.jsonp_strdup      jansson_CM3LE.lib(memory.o)
    0x08005942   0x08005942   0x0000000a   Code   RO         6154    i.jsonp_stringn_nocheck_own  jansson_CM3LE.lib(value.o)
    0x0800594c   0x0800594c   0x00000024   Code   RO         6696    i.jsonp_strndup     jansson_CM3LE.lib(memory.o)
    0x08005970   0x08005970   0x00000064   Code   RO         6799    i.jsonp_strtod      jansson_CM3LE.lib(strconv.o)
    0x080059d4   0x080059d4   0x00000030   Code   RO         5308    i.key_init          key.o
    0x08005a04   0x08005a04   0x00000044   Code   RO         5309    i.key_press         key.o
    0x08005a48   0x08005a48   0x00000040   Code   RO         5093    i.led_init          led.o
    0x08005a88   0x08005a88   0x0000001c   Code   RO         5805    i.lex_close         jansson_CM3LE.lib(load.o)
    0x08005aa4   0x08005aa4   0x00000012   Code   RO         5806    i.lex_free_string   jansson_CM3LE.lib(load.o)
    0x08005ab6   0x08005ab6   0x00000008   Code   RO         5807    i.lex_get           jansson_CM3LE.lib(load.o)
    0x08005abe   0x08005abe   0x0000001e   Code   RO         5808    i.lex_get_save      jansson_CM3LE.lib(load.o)
    0x08005adc   0x08005adc   0x00000030   Code   RO         5809    i.lex_init          jansson_CM3LE.lib(load.o)
    0x08005b0c   0x08005b0c   0x0000000c   Code   RO         5810    i.lex_save          jansson_CM3LE.lib(load.o)
    0x08005b18   0x08005b18   0x00000138   Code   RO         5811    i.lex_scan          jansson_CM3LE.lib(load.o)
    0x08005c50   0x08005c50   0x0000018c   Code   RO         5812    i.lex_scan_number   jansson_CM3LE.lib(load.o)
    0x08005ddc   0x08005ddc   0x00000288   Code   RO         5813    i.lex_scan_string   jansson_CM3LE.lib(load.o)
    0x08006064   0x08006064   0x00000026   Code   RO         5814    i.lex_unget_unsave  jansson_CM3LE.lib(load.o)
    0x0800608a   0x0800608a   0x0000000e   Code   RO         6556    i.list_insert       jansson_CM3LE.lib(hashtable.o)
    0x08006098   0x08006098   0x00000054   Code   RO         4217    i.main              main.o
    0x080060ec   0x080060ec   0x0000006c   Code   RO         7190    i.malloc            mc_w.l(malloc.o)
    0x08006158   0x08006158   0x0000004c   Code   RO         5117    i.motor_init        motor.o
    0x080061a4   0x080061a4   0x00000080   Code   RO         5968    i.next_token        jansson_CM3LE.lib(pack_unpack.o)
    0x08006224   0x08006224   0x0000000c   Code   RO         5695    i.object_key_compare_keys  jansson_CM3LE.lib(dump.o)
    0x08006230   0x08006230   0x0000001a   Code   RO         5696    i.object_key_compare_serials  jansson_CM3LE.lib(dump.o)
    0x0800624a   0x0800624a   0x00000002   PAD
    0x0800624c   0x0800624c   0x00000118   Code   RO         5969    i.pack              jansson_CM3LE.lib(pack_unpack.o)
    0x08006364   0x08006364   0x000000b0   Code   RO         5970    i.pack_array        jansson_CM3LE.lib(pack_unpack.o)
    0x08006414   0x08006414   0x00000130   Code   RO         5971    i.pack_object       jansson_CM3LE.lib(pack_unpack.o)
    0x08006544   0x08006544   0x00000094   Code   RO         5815    i.parse_array       jansson_CM3LE.lib(load.o)
    0x080065d8   0x080065d8   0x00000094   Code   RO         5816    i.parse_json        jansson_CM3LE.lib(load.o)
    0x0800666c   0x0800666c   0x00000180   Code   RO         5817    i.parse_object      jansson_CM3LE.lib(load.o)
    0x080067ec   0x080067ec   0x00000140   Code   RO         5818    i.parse_value       jansson_CM3LE.lib(load.o)
    0x0800692c   0x0800692c   0x00000078   Code   RO         5262    i.power_init        power.o
    0x080069a4   0x080069a4   0x00000010   Code   RO         5263    i.power_open_all    power.o
    0x080069b4   0x080069b4   0x00000014   Code   RO         5972    i.prev_token        jansson_CM3LE.lib(pack_unpack.o)
    0x080069c8   0x080069c8   0x0000015c   Code   RO         5973    i.read_string       jansson_CM3LE.lib(pack_unpack.o)
    0x08006b24   0x08006b24   0x0000004a   Code   RO         5118    i.record_motor_callback  motor.o
    0x08006b6e   0x08006b6e   0x00000002   PAD
    0x08006b70   0x08006b70   0x00000058   Code   RO         4786    i.resolve_chassis_mode_command  json.o
    0x08006bc8   0x08006bc8   0x00000058   Code   RO         4787    i.resolve_fric_mode_command  json.o
    0x08006c20   0x08006c20   0x00000058   Code   RO         4788    i.resolve_gimbal_mode_command  json.o
    0x08006c78   0x08006c78   0x000000a8   Code   RO         4790    i.resolve_json_chassis_command  json.o
    0x08006d20   0x08006d20   0x00000074   Code   RO         4791    i.resolve_json_fric_command  json.o
    0x08006d94   0x08006d94   0x00000098   Code   RO         4793    i.resolve_json_handgimbal_command  json.o
    0x08006e2c   0x08006e2c   0x00000010   Code   RO         4794    i.resolve_json_mode_command  json.o
    0x08006e3c   0x08006e3c   0x0000002c   Code   RO         5974    i.scanner_init      jansson_CM3LE.lib(pack_unpack.o)
    0x08006e68   0x08006e68   0x00000006   Code   RO         5674    i.seed_from_timestamp_and_pid  jansson_config.o
    0x08006e6e   0x08006e6e   0x00000002   PAD
    0x08006e70   0x08006e70   0x00000314   Code   RO         4796    i.send_cgf_info_by_json  json.o
    0x08007184   0x08007184   0x0000008c   Code   RO         5119    i.set_chassis_current  motor.o
    0x08007210   0x08007210   0x00000024   Code   RO         4683    i.set_chassis_motor_angle  angle_pid.o
    0x08007234   0x08007234   0x00000034   Code   RO         4734    i.set_chassis_motor_speed  speed_pid.o
    0x08007268   0x08007268   0x0000002c   Code   RO         5975    i.set_error         jansson_CM3LE.lib(pack_unpack.o)
    0x08007294   0x08007294   0x0000008c   Code   RO         5120    i.set_trigger_current  motor.o
    0x08007320   0x08007320   0x0000000c   Code   RO         4684    i.set_trigger_motor_angle  angle_pid.o
    0x0800732c   0x0800732c   0x0000000c   Code   RO         4735    i.set_trigger_motor_speed  speed_pid.o
    0x08007338   0x08007338   0x000001cc   Code   RO         4633    i.speed_control     kinematic.o
    0x08007504   0x08007504   0x00000048   Code   RO         5121    i.stop_chassis_motor  motor.o
    0x0800754c   0x0800754c   0x0000002c   Code   RO         5122    i.stop_trigger_motor  motor.o
    0x08007578   0x08007578   0x0000000c   Code   RO         6739    i.strbuffer_append_byte  jansson_CM3LE.lib(strbuffer.o)
    0x08007584   0x08007584   0x00000070   Code   RO         6740    i.strbuffer_append_bytes  jansson_CM3LE.lib(strbuffer.o)
    0x080075f4   0x080075f4   0x0000000a   Code   RO         6741    i.strbuffer_clear   jansson_CM3LE.lib(strbuffer.o)
    0x080075fe   0x080075fe   0x00000018   Code   RO         6742    i.strbuffer_close   jansson_CM3LE.lib(strbuffer.o)
    0x08007616   0x08007616   0x00000022   Code   RO         6743    i.strbuffer_init    jansson_CM3LE.lib(strbuffer.o)
    0x08007638   0x08007638   0x00000018   Code   RO         6744    i.strbuffer_pop     jansson_CM3LE.lib(strbuffer.o)
    0x08007650   0x08007650   0x0000000a   Code   RO         6745    i.strbuffer_steal_value  jansson_CM3LE.lib(strbuffer.o)
    0x0800765a   0x0800765a   0x00000004   Code   RO         6746    i.strbuffer_value   jansson_CM3LE.lib(strbuffer.o)
    0x0800765e   0x0800765e   0x00000002   PAD
    0x08007660   0x08007660   0x000000e4   Code   RO         5819    i.stream_get        jansson_CM3LE.lib(load.o)
    0x08007744   0x08007744   0x0000004a   Code   RO         5820    i.stream_unget      jansson_CM3LE.lib(load.o)
    0x0800778e   0x0800778e   0x0000003e   Code   RO         6155    i.string_create     jansson_CM3LE.lib(value.o)
    0x080077cc   0x080077cc   0x00000018   Code   RO         5821    i.string_get        jansson_CM3LE.lib(load.o)
    0x080077e4   0x080077e4   0x00000004   PAD
    0x080077e8   0x080077e8   0x00000030   Code   RO         6882    i.strtod            m_wm.l(strtod.o)
    0x08007818   0x08007818   0x00000054   Code   RO         4634    i.trigger_control   kinematic.o
    0x0800786c   0x0800786c   0x00000010   Code   RO         4635    i.trigger_to_motor  kinematic.o
    0x0800787c   0x0800787c   0x0000003c   Code   RO         6826    i.utf8_check_first  jansson_CM3LE.lib(utf.o)
    0x080078b8   0x080078b8   0x00000088   Code   RO         6827    i.utf8_check_full   jansson_CM3LE.lib(utf.o)
    0x08007940   0x08007940   0x0000003e   Code   RO         6828    i.utf8_check_string  jansson_CM3LE.lib(utf.o)
    0x0800797e   0x0800797e   0x00000002   PAD
    0x08007980   0x08007980   0x0000007c   Code   RO         6829    i.utf8_encode       jansson_CM3LE.lib(utf.o)
    0x080079fc   0x080079fc   0x00000040   Code   RO         6830    i.utf8_iterate      jansson_CM3LE.lib(utf.o)
    0x08007a3c   0x08007a3c   0x00000074   Code   RO         4736    i.vpid_PI_realize   speed_pid.o
    0x08007ab0   0x08007ab0   0x000000a0   Code   RO         4737    i.vpid_realize      speed_pid.o
    0x08007b50   0x08007b50   0x00000021   Data   RO         5697    .constdata          jansson_CM3LE.lib(dump.o)
    0x08007b71   0x08007b71   0x00000081   Data   RO         7291    .constdata          mc_w.l(ctype_o.o)
    0x08007bf2   0x08007bf2   0x00000002   PAD
    0x08007bf4   0x08007bf4   0x00000004   Data   RO         7292    .constdata          mc_w.l(ctype_o.o)
    0x08007bf8   0x08007bf8   0x00000020   Data   RO         7333    Region$$Table       anon$$obj.o


    Execution Region RW_IRAM1 (Exec base: 0x20000000, Load base: 0x08007c18, Size: 0x000026a0, Max: 0x00030000, ABSOLUTE)

    Exec Addr    Load Addr    Size         Type   Attr      Idx    E Section Name        Object

    0x20000000   0x08007c18   0x00000010   Data   RW         2131    .data               stm32f4xx_rcc.o
    0x20000010   0x08007c28   0x00000004   Data   RW         4218    .data               main.o
    0x20000014   0x08007c2c   0x00000005   Data   RW         4333    .data               stm32f4xx_it.o
    0x20000019   0x08007c31   0x00000001   PAD
    0x2000001a   0x08007c32   0x00000004   Data   RW         4427    .data               delay.o
    0x2000001e   0x08007c36   0x00000002   PAD
    0x20000020   0x08007c38   0x00000010   Data   RW         4637    .data               kinematic.o
    0x20000030   0x08007c48   0x00000004   Data   RW         4685    .data               angle_pid.o
    0x20000034   0x08007c4c   0x00000004   PAD
    0x20000038   0x08007c50   0x00000030   Data   RW         4801    .data               json.o
    0x20000068   0x08007c80   0x00000004   Data   RW         5124    .data               motor.o
    0x2000006c   0x08007c84   0x00000002   Data   RW         5310    .data               key.o
    0x2000006e   0x08007c86   0x00000002   PAD
    0x20000070   0x08007c88   0x0000000d   Data   RW         5389    .data               fs_remote.o
    0x2000007d   0x08007c95   0x00000003   PAD
    0x20000080   0x08007c98   0x0000001c   Data   RW         5437    .data               remote_code.o
    0x2000009c   0x08007cb4   0x00000028   Data   RW         5486    .data               tim3_events.o
    0x200000c4   0x08007cdc   0x00000018   Data   RW         6156    .data               jansson_CM3LE.lib(value.o)
    0x200000dc   0x08007cf4   0x00000008   Data   RW         6697    .data               jansson_CM3LE.lib(memory.o)
    0x200000e4   0x08007cfc   0x00000004   Data   RW         6863    .data               jansson_CM3LE.lib(hashtable_seed.o)
    0x200000e8   0x08007d00   0x00000004   Data   RW         7220    .data               mc_w.l(errno.o)
    0x200000ec   0x08007d04   0x00000004   Data   RW         7264    .data               mc_w.l(stdout.o)
    0x200000f0   0x08007d08   0x00000004   Data   RW         7273    .data               mc_w.l(mvars.o)
    0x200000f4   0x08007d0c   0x00000004   Data   RW         7274    .data               mc_w.l(mvars.o)
    0x200000f8        -       0x00000096   Zero   RW         4331    .bss                stm32f4xx_it.o
    0x2000018e   0x08007d10   0x00000002   PAD
    0x20000190        -       0x00000010   Zero   RW         4568    .bss                my_init.o
    0x200001a0        -       0x00000078   Zero   RW         4636    .bss                kinematic.o
    0x20000218        -       0x00000096   Zero   RW         4800    .bss                json.o
    0x200002ae   0x08007d10   0x00000002   PAD
    0x200002b0        -       0x000003a0   Zero   RW         5123    .bss                motor.o
    0x20000650        -       0x0000002e   Zero   RW         5345    .bss                dji_remote.o
    0x2000067e   0x08007d10   0x00000002   PAD
    0x20000680        -       0x00000020   Zero   RW         5388    .bss                fs_remote.o
    0x200006a0        -       0x00001000   Zero   RW            2    HEAP                startup_stm32f427_437xx.o
    0x200016a0        -       0x00001000   Zero   RW            1    STACK               startup_stm32f427_437xx.o


==============================================================================

Image component sizes


      Code (inc. data)   RO Data    RW Data    ZI Data      Debug   Object Name

       518         76          0          4          0       4488   angle_pid.o
       192         10          0          0          0        737   bsp_debug_usart.o
       228         14          0          0          0       1328   bsp_uart7.o
       480         22          0          0          0      11393   can.o
       172         14          0          4          0       1904   delay.o
       588         42          0          0         46       3422   dji_remote.o
       348         26          0          0          0      29539   fric.o
       596         60          0         13         32       3342   fs_remote.o
       264          8          0          0          0        787   gimbal.o
         6          0          0          0          0        922   jansson_config.o
      1888        314          0         48        150      11261   json.o
       116         18          0          2          0       1115   key.o
      1296        124          0         16        120       5281   kinematic.o
        64          4          0          0          0        535   led.o
       396         60          0          4          0       7020   main.o
       140         24          0          0          0       1747   misc.o
       546         78          0          4        928       5714   motor.o
       152         12          0          0         16       2027   my_init.o
       136         12          0          0          0       1102   power.o
         0          0          0         28          0        463   remote_code.o
       416         70          0          0          0       4021   speed_pid.o
        36          8        428          0       8192        976   startup_stm32f427_437xx.o
      1252         28          0          0          0       5613   stm32f4xx_can.o
       520         26          0          0          0       5386   stm32f4xx_dma.o
       222          0          0          0          0       3211   stm32f4xx_gpio.o
       912         84          0          5        150       6391   stm32f4xx_it.o
       392         48          0         16          0       6277   stm32f4xx_rcc.o
      1456         66          0          0          0      22010   stm32f4xx_tim.o
       726         42          0          0          0       8109   stm32f4xx_usart.o
       388         32          0          0          0       2068   sys.o
       392         32          0          0          0     317361   system_stm32f4xx.o
       324         54          0         40          0       2321   tim3_events.o
        92          6          0          0          0       2440   timer.o

    ----------------------------------------------------------------------
     15278       1414        460        196       9640     480311   Object Totals
         0          0         32          0          0          0   (incl. Generated)
        24          0          0         12          6          0   (incl. Padding)

    ----------------------------------------------------------------------

      Code (inc. data)   RO Data    RW Data    ZI Data      Debug   Library Member Name

      1534        162         33          0          0      17721   dump.o
       154          4          0          0          0       6085   error.o
      1000         32          0          0          0      17697   hashtable.o
        40          6          0          4          0       1280   hashtable_seed.o
      3288        680          0          0          0      19565   load.o
        86          8          0          8          0       6121   memory.o
      1604        414          0          0          0      12512   pack_unpack.o
       230          4          0          0          0       4952   strbuffer.o
       260         20          0          0          0       1934   strconv.o
       446         14          0          0          0       3830   utf.o
       958         32          0         24          0      25330   value.o
        48         14          0          0          0        128   strtod.o
       144          0          0          0          0         88   __strtoll.o
        28          0          0          0          0         68   _chval.o
        64          0          0          0          0         84   _sgetc.o
       194          0          0          0          0         96   _strtoull.o
         8          4        133          0          0         68   ctype_o.o
         0          0          0          0          0          0   entry.o
         0          0          0          0          0          0   entry10a.o
         0          0          0          0          0          0   entry11a.o
         8          4          0          0          0          0   entry2.o
         4          0          0          0          0          0   entry5.o
         0          0          0          0          0          0   entry7b.o
         0          0          0          0          0          0   entry8b.o
         8          4          0          0          0          0   entry9a.o
         8          4          0          4          0         68   errno.o
        30          0          0          0          0          0   handlers.o
        36          8          0          0          0         68   init.o
        18          0          0          0          0         76   isspace_o.o
         0          0          0          0          0          0   iusefp.o
        30          0          0          0          0         68   llshl.o
        36          0          0          0          0         68   llsshr.o
        32          0          0          0          0         68   llushr.o
       188         20          0          0          0        160   malloc.o
        20          0          0          0          0         68   memchr.o
        64          0          0          0          0         76   memmovea.o
        36          0          0          0          0        108   memseta.o
         0          0          0          8          0          0   mvars.o
      2374        104          0          0          0        828   printfa.o
       156          0          0          0          0         88   qsort.o
       838         12          0          0          0        216   scanf_fp.o
         0          0          0          4          0          0   stdout.o
        20          0          0          0          0         68   strchr.o
        28          0          0          0          0         76   strcmp.o
        18          0          0          0          0         68   strcpy.o
        14          0          0          0          0         68   strlen.o
       156         14          0          0          0        120   strtod.o
         4          0          0          0          0         68   strtoll.o
        44          0          0          0          0         80   uidiv.o
        98          0          0          0          0         92   uldiv.o
        48          0          0          0          0         68   cdcmple.o
        48          0          0          0          0         68   cdrcmple.o
        56          0          0          0          0         88   d2f.o
       334          0          0          0          0        148   dadd.o
       222          0          0          0          0        100   ddiv.o
       186          0          0          0          0        176   depilogue.o
        62          0          0          0          0         80   dfixi.o
        48          0          0          0          0         68   dfixul.o
        34          0          0          0          0         76   dflti.o
        24          0          0          0          0         76   dfltul.o
       228          0          0          0          0         96   dmul.o
        38          0          0          0          0         68   f2d.o
       110          0          0          0          0        168   fepilogue.o
        44          0          0          0          0         92   ffltl.o

    ----------------------------------------------------------------------
     15862       1564        168         52          0     121531   Library Totals
        26          0          2          0          0          0   (incl. Padding)

    ----------------------------------------------------------------------

      Code (inc. data)   RO Data    RW Data    ZI Data      Debug   Library Name

      9600       1376         33         36          0     117027   jansson_CM3LE.lib
        48         14          0          0          0        128   m_wm.l
      4706        174        133         16          0       3004   mc_w.l
      1482          0          0          0          0       1372   mf_w.l

    ----------------------------------------------------------------------
     15862       1564        168         52          0     121531   Library Totals

    ----------------------------------------------------------------------

==============================================================================


      Code (inc. data)   RO Data    RW Data    ZI Data      Debug   

     31140       2978        628        248       9640     581350   Grand Totals
     31140       2978        628        248       9640     581350   ELF Image Totals
     31140       2978        628        248          0          0   ROM Totals

==============================================================================

    Total RO  Size (Code + RO Data)                31768 (  31.02kB)
    Total RW  Size (RW Data + ZI Data)              9888 (   9.66kB)
    Total ROM Size (Code + RO Data + RW Data)      32016 (  31.27kB)

==============================================================================

