<html>
<body>
<pre>
<h1>µVision Build Log</h1>
<h2>Tool Versions:</h2>
IDE-Version: ¦ÌVision V5.25.3.0
Copyright (C) 2018 ARM Ltd and ARM Germany GmbH. All rights reserved.
License Information: lagrange luo, Microsoft, LIC=R4HY8-3P0QE-XCGJ0-B5Y60-EDBAA-W4KDH
 
Tool Versions:
Toolchain:       MDK-ARM Professional  Version: 5.18
Toolchain Path:  E:\keil5\ARM\ARMCC\Bin
C Compiler:      Armcc.exe V5.06 update 1 (build 61)
Assembler:       Armasm.exe V5.06 update 1 (build 61)
Linker/Locator:  ArmLink.exe V5.06 update 1 (build 61)
Library Manager: ArmAr.exe V5.06 update 1 (build 61)
Hex Converter:   FromElf.exe V5.06 update 1 (build 61)
CPU DLL:         SARMCM3.DLL V5.18
Dialog DLL:      DCM.DLL V1.13.6.0
Target DLL:      Segger\JL2CM3.dll V2.99.18.0
Dialog DLL:      TCM.DLL V1.14.8.0
 
<h2>Project:</h2>
C:\Users\lagrange\Documents\GitHub\neuq_rm\down\Project\RM-F427.uvprojx
Project File Date:  12/22/2019

<h2>Output:</h2>
*** Using Compiler 'V5.06 update 1 (build 61)', folder: 'E:\keil5\ARM\ARMCC\Bin'
Rebuild target 'µ×ÅÌ'
assembling startup_stm32f427_437xx.s...
compiling system_stm32f4xx.c...
compiling stm32f4xx_cryp_des.c...
compiling misc.c...
compiling stm32f4xx_cryp_tdes.c...
compiling stm32f4xx_adc.c...
compiling stm32f4xx_can.c...
compiling stm32f4xx_cryp_aes.c...
compiling stm32f4xx_flash_ramfunc.c...
compiling stm32f4xx_dac.c...
compiling stm32f4xx_dma.c...
compiling stm32f4xx_fmc.c...
compiling stm32f4xx_dma2d.c...
compiling stm32f4xx_flash.c...
compiling stm32f4xx_gpio.c...
compiling stm32f4xx_hash_md5.c...
compiling stm32f4xx_pwr.c...
compiling stm32f4xx_rcc.c...
compiling stm32f4xx_i2c.c...
compiling stm32f4xx_rtc.c...
compiling stm32f4xx_sdio.c...
compiling stm32f4xx_spi.c...
compiling stm32f4xx_syscfg.c...
compiling stm32f4xx_tim.c...
compiling stm32f4xx_usart.c...
compiling stm32f4xx_hash.c...
compiling stm32f4xx_cryp.c...
compiling kinematic.c...
compiling angle_pid.c...
compiling speed_pid.c...
compiling stm32f4xx_it.c...
compiling shoot.c...
compiling mode.c...
compiling My_Init.c...
compiling main.c...
compiling json.c...
compiling bsp_debug_usart.c...
compiling bsp_uart7.c...
compiling delay.c...
compiling sys.c...
compiling LED.c...
compiling can.c...
compiling power.c...
compiling timer.c...
compiling buzzer.c...
compiling motor.c...
compiling myflash.c...
compiling stmflash.c...
compiling key.c...
compiling DJi_remote.c...
compiling jansson_config.c...
compiling fric.c...
compiling gimbal.c...
compiling Tim3_Events.c...
compiling remote_code.c...
compiling FS_remote.c...
linking...
Program Size: Code=30860 RO-data=628 RW-data=224 ZI-data=9640  
"..\Output\RM_typeA.axf" - 0 Error(s), 0 Warning(s).

<h2>Software Packages used:</h2>

Package Vendor: Keil
                http://www.keil.com/pack/Keil.Jansson.1.0.0.pack
                Keil.Jansson.1.0.0
                Jansson is a C library for encoding, decoding and manipulating JSON data
   * Component: Jansson Version: 2.7.0

Package Vendor: Keil
                http://www.keil.com/pack/Keil.STM32F4xx_DFP.2.14.0.pack
                Keil.STM32F4xx_DFP.2.14.0
                STMicroelectronics STM32F4 Series Device Support, Drivers and Examples

<h2>Collection of Component include folders:</h2>
  .\RTE\_____
  E:\keil5\ARM\PACK\Keil\Jansson\1.0.0\src
  E:\keil5\ARM\PACK\Keil\STM32F4xx_DFP\2.14.0\Drivers\CMSIS\Device\ST\STM32F4xx\Include

<h2>Collection of Component Files used:</h2>

   * Component: Keil::Data Exchange:JSON:Jansson:2.7.0
      Include file:  src\jansson.h
      Source file:   src\jansson_config.c
      Library file:  lib\jansson_CM3LE.lib
Build Time Elapsed:  00:00:24
</pre>
</body>
</html>
