<html>
<body>
<pre>
<h1>µVision Build Log</h1>
<h2>Tool Versions:</h2>
IDE-Version: ¦ÌVision V5.25.3.0
Copyright (C) 2018 ARM Ltd and ARM Germany GmbH. All rights reserved.
License Information: Q DELL, Q, LIC=P96AR-K8FWT-TWN2W-QUU0Y-C9LMK-0BGBU
 
Tool Versions:
Toolchain:       MDK-ARM Basic (256K)  Version: 5.18
Toolchain Path:  D:\Keil5\ARM\ARMCC\Bin
C Compiler:      Armcc.exe V5.06 update 1 (build 61)
Assembler:       Armasm.exe V5.06 update 1 (build 61)
Linker/Locator:  ArmLink.exe V5.06 update 1 (build 61)
Library Manager: ArmAr.exe V5.06 update 1 (build 61)
Hex Converter:   FromElf.exe V5.06 update 1 (build 61)
CPU DLL:         SARMCM3.DLL V5.18
Dialog DLL:      DCM.DLL V1.13.6.0
Target DLL:      Segger\JL2CM3.dll V2.99.18.0
Dialog DLL:      TCM.DLL V1.14.8.0
 
<h2>Project:</h2>
C:\Users\DELL\Desktop\²½±ø\Project\RM-F427.uvprojx
Project File Date:  12/22/2019

<h2>Output:</h2>
*** Using Compiler 'V5.06 update 1 (build 61)', folder: 'D:\Keil5\ARM\ARMCC\Bin'
Rebuild target 'µ×ÅÌ'
assembling startup_stm32f427_437xx.s...
compiling stm32f4xx_dma.c...
compiling system_stm32f4xx.c...
compiling stm32f4xx_cryp_des.c...
compiling stm32f4xx_dac.c...
compiling stm32f4xx_cryp_tdes.c...
compiling misc.c...
compiling stm32f4xx_dma2d.c...
compiling stm32f4xx_adc.c...
compiling stm32f4xx_cryp_aes.c...
compiling stm32f4xx_flash.c...
compiling stm32f4xx_can.c...
compiling stm32f4xx_syscfg.c...
compiling stm32f4xx_hash_md5.c...
compiling stm32f4xx_flash_ramfunc.c...
compiling stm32f4xx_fmc.c...
compiling stm32f4xx_i2c.c...
compiling stm32f4xx_gpio.c...
compiling stm32f4xx_sdio.c...
compiling stm32f4xx_spi.c...
compiling stm32f4xx_rtc.c...
compiling stm32f4xx_pwr.c...
compiling stm32f4xx_rcc.c...
compiling kinematic.c...
compiling angle_pid.c...
compiling speed_pid.c...
compiling shoot.c...
compiling stm32f4xx_tim.c...
compiling stm32f4xx_hash.c...
compiling stm32f4xx_usart.c...
compiling stm32f4xx_cryp.c...
compiling stm32f4xx_it.c...
compiling My_Init.c...
..\User\Init\My_Init.c(55): warning:  #223-D: function "TIM1_GIMBAL_Init" declared implicitly
  	TIM1_GIMBAL_Init();
..\User\Init\My_Init.c: 1 warning, 0 errors
compiling mode.c...
compiling json.c...
compiling bsp_debug_usart.c...
compiling LED.c...
compiling bsp_uart7.c...
compiling buzzer.c...
compiling delay.c...
compiling power.c...
compiling sys.c...
compiling main.c...
compiling DJi_remote.c...
compiling motor.c...
..\Hardware\motor\motor.c(158): warning:  #223-D: function "trigger_to_motor" declared implicitly
  trigger_to_motor(0);
..\Hardware\motor\motor.c: 1 warning, 0 errors
compiling fric.c...
compiling gimbal.c...
compiling myflash.c...
compiling jansson_config.c...
compiling stmflash.c...
compiling timer.c...
compiling can.c...
..\BSP\can\can.c(133): warning:  #9-D: nested comment is not allowed
  /*u8 CAN1_Send_GIMBAL_Msg(u8* msg)//********************????
..\BSP\can\can.c: 1 warning, 0 errors
compiling key.c...
compiling Tim3_Events.c...
..\Hardware\TIM3_Events\Tim3_Events.c(42): warning:  #223-D: function "fric1_on" declared implicitly
  		{   fric1_on(1800);
..\Hardware\TIM3_Events\Tim3_Events.c(43): warning:  #223-D: function "fric2_on" declared implicitly
  				fric2_on(1800);
..\Hardware\TIM3_Events\Tim3_Events.c(48): warning:  #223-D: function "fric1_on" declared implicitly
  			  fric1_on(1000);
..\Hardware\TIM3_Events\Tim3_Events.c(49): warning:  #223-D: function "fric2_on" declared implicitly
  				fric2_on(1000);
..\Hardware\TIM3_Events\Tim3_Events.c: 4 warnings, 0 errors
compiling remote_code.c...
compiling FS_remote.c...
linking...
Program Size: Code=31500 RO-data=628 RW-data=216 ZI-data=9640  
"..\Output\RM_typeA.axf" - 0 Error(s), 7 Warning(s).

<h2>Software Packages used:</h2>

Package Vendor: Keil
                http://www.keil.com/pack/Keil.Jansson.1.0.0.pack
                Keil.Jansson.1.0.0
                Jansson is a C library for encoding, decoding and manipulating JSON data
   * Component: Jansson Version: 2.7.0

Package Vendor: Keil
                http://www.keil.com/pack/Keil.STM32F4xx_DFP.2.14.0.pack
                Keil.STM32F4xx_DFP.2.14.0
                STMicroelectronics STM32F4 Series Device Support, Drivers and Examples

<h2>Collection of Component include folders:</h2>
  .\RTE\_____
  D:\Keil5\ARM\PACK\Keil\Jansson\1.0.0\src
  D:\Keil5\ARM\PACK\Keil\STM32F4xx_DFP\2.14.0\Drivers\CMSIS\Device\ST\STM32F4xx\Include

<h2>Collection of Component Files used:</h2>

   * Component: Keil::Data Exchange:JSON:Jansson:2.7.0
      Include file:  src\jansson.h
      Source file:   src\jansson_config.c
      Library file:  lib\jansson_CM3LE.lib
Build Time Elapsed:  00:00:16
</pre>
</body>
</html>
